[dkg] epoch=0 n=3 t=2 - 3/3 shares Feldman-VERIFIED (beacon-seeded, no trusted dealer)
[vote] test committee registered: 3 members
[mssc] member 2: weight 40, initial pref decreeB
═══════════════════════════════════════
  HSMA EPOCH NODE — P2-02
  port: 31234 | k_entries: 10 | epoch: 0
═══════════════════════════════════════
[node] listening on port 31234
[seed] 3.237.91.235:31233
[peer] connected to seed
[node] generating 10 local decree entries...
[pi_E] epoch 0 complete (10 entries) — producing π_E...
[pi_E] epoch 0: wrap_verify ACCEPT (stage=0)
[pouw] epoch 0: 64^3 GEMM self-verify ACCEPT | weight 262144 MACs | 1131 ms
[gossip] epoch header sent to 1 peers

═══════════════════════════════════════
  EPOCH 0 COMPLETE — π_E PRODUCED
  decree entries: 10
  verify: ACCEPT
  peers: 1
  entering gossip loop (listening for new decrees)...
═══════════════════════════════════════
[explorer] HTTP server listening on port 32234
[explorer] open http://localhost:32234 in a browser
[recv] type=6 size=204
[voted] ok=1 epoch=0 round=0
[voted] members=3
[voted] member 1 verify=1
[agg-batch] join: round=0 count->1
[vote] VERIFIED from member 1 (epoch 0, round 0)
[mssc] round 1: pref=A conf=0 kind=2
[recv] type=6 size=204
[voted] ok=1 epoch=0 round=0
[voted] members=3
[voted] member 1 verify=1
[agg-batch] join: round=0 count->2
[agg] batch of 2 same-pref sigs -> ACCEPT | 1 pairing | 1423.1 ms
[vote] VERIFIED from member 1 (epoch 0, round 0)
[mssc] round 2: pref=A conf=1 kind=1
[recv] type=6 size=204
[voted] ok=1 epoch=0 round=1
[voted] members=3
[voted] member 1 verify=1
[agg-batch] join: round=1 count->1
[vote] VERIFIED from member 1 (epoch 0, round 1)
[mssc] round 3: pref=A conf=2 kind=1
[recv] type=6 size=204
[voted] ok=1 epoch=0 round=2
[voted] members=3
[voted] member 1 verify=1
[agg-batch] join: round=2 count->1
[vote] VERIFIED from member 1 (epoch 0, round 2)
[mssc] round 4: pref=A conf=3 kind=1
[peer] new connection (fd=7)
[recv] type=6 size=204
[voted] ok=1 epoch=0 round=3
[voted] members=3
[voted] member 1 verify=1
[agg-batch] join: round=3 count->1
[vote] VERIFIED from member 1 (epoch 0, round 3)
[mssc] round 5: pref=A conf=4 kind=1
[recv] type=6 size=204
[voted] ok=1 epoch=0 round=4
[voted] members=3
[voted] member 1 verify=1
[agg-batch] join: round=4 count->1
[vote] VERIFIED from member 1 (epoch 0, round 4)
[recv] type=7 size=334
[mempool] envelope 1 stored (ct=18 bytes)
[thr] own D_j broadcast for envelope 0 (member 2)
[mssc] round 6: pref=A conf=5 kind=3
[recv] type=6 size=204
[voted] ok=1 epoch=0 round=5
[voted] members=3
[voted] member 1 verify=1
[agg-batch] join: round=5 count->1
[vote] VERIFIED from member 1 (epoch 0, round 5)
[recv] type=7 size=334
[mempool] envelope 2 stored (ct=18 bytes)
[thr] own D_j broadcast for envelope 1 (member 2)
[mssc] round 7: pref=A conf=6 kind=3
[recv] type=8 size=200
[thr] 0x08: share from member 1 for envelope 0 (collected 1)
[recv] type=7 size=334
[mempool] envelope 3 stored (ct=18 bytes)
[thr] own D_j broadcast for envelope 2 (member 2)
[recv] type=8 size=200
[thr] 0x08: share from member 1 for envelope 1 (collected 1)
[recv] type=7 size=334
[mempool] envelope 4 stored (ct=18 bytes)
[thr] own D_j broadcast for envelope 3 (member 2)
[recv] type=8 size=200
[thr] 0x08: share from member 1 for envelope 2 (collected 1)
[recv] type=7 size=334
[mempool] envelope 5 stored (ct=18 bytes)
[thr] own D_j broadcast for envelope 4 (member 2)
[recv] type=8 size=200
[thr] 0x08: share from member 1 for envelope 3 (collected 1)
[recv] type=7 size=334
[mempool] envelope 6 stored (ct=18 bytes)
[thr] own D_j broadcast for envelope 5 (member 2)
[recv] type=8 size=200
[thr] 0x08: share from member 1 for envelope 4 (collected 1)
[recv] type=7 size=334
[mempool] envelope 7 stored (ct=18 bytes)
[thr] own D_j broadcast for envelope 6 (member 2)
[recv] type=8 size=200
[thr] 0x08: share from member 1 for envelope 5 (collected 1)
[recv] type=7 size=334
[mempool] envelope 8 stored (ct=18 bytes)
[thr] own D_j broadcast for envelope 7 (member 2)
[recv] type=8 size=200
[thr] 0x08: share from member 1 for envelope 6 (collected 1)
[recv] type=7 size=334
[mempool] envelope 9 stored (ct=18 bytes)
[thr] own D_j broadcast for envelope 8 (member 2)
[recv] type=8 size=200
[thr] 0x08: share from member 1 for envelope 7 (collected 1)
[recv] type=7 size=334
[mempool] envelope 10 stored (ct=18 bytes)
[thr] own D_j broadcast for envelope 9 (member 2)
[mempool] ORDER COMMITTED: root=9e56891113511ffd
[thr] envelope 0: threshold met (2 shares, members 2,1)
[dbg-node] xe: 087494adb4faff42
[dbg-node] ss_full: 3b3cd17617b96482a07d57e52afde4a7dc46761074719a0d2d6c7cf3814e8257371b9c9be2cff21fcb0af712ee5775006a0e7a6c736def95abfe3e503767e28c3d9383c25dd885bb0afffe6259f0c396415c09c300879b7b75241186f2695d01071c967753b9c73ec3c9c24c4f6a78e1a753d3245a8111fd217c8098baca87dbf1c3361c8648bbf47ce8dcd9c6cb77019fc7a3fa1877063587b0165236132e456d3e3acd35c8446b2b3575f6bf465ccae9325a971e5ecca4a935573ac47d6b01
[dbg-node] hdr_full: 0700000000000000000000000000000000000000000000000000000000000000000000000000000000000000000000006400000000000000
[dbg] D_agg: 3b3cd17617b96482 | hdr: 0700000000000000 | k: da7968b5
[decrypt] envelope 0: TAG FAILED
[thr] envelope 1: threshold met (2 shares, members 2,1)
[dbg-node] xe: 087494adb4faff42
[dbg-node] ss_full: fcb52bd9201be024628b434156cf19e325b97d7346fd9f80516290dd18b73955669bfd477f377e7e3616d0a689d6760076e887ea40e2594a2259e61c1a9023b98381f1817bd047e07bd023418cebb9dc4d3bb5b2c27a92dd569bd710d677bd00dc7cddba0faa500e481d0d70ec776efe4fdda6db2e880d531473332b1cfefe1b6af402fbdd4f3a4a7708ffd321c19e01f83662b1acbb3df2d2f734297d43c9a5a7789cba797995ea4f5ee42b7d1c9674ca4967a256268f290feb5f4698530d00
[dbg-node] hdr_full: 0700000000000000000000000000000000000000000000000000000000000000000000000000000001000000000000006400000000000000
[dbg] D_agg: fcb52bd9201be024 | hdr: 0700000000000000 | k: d0272810
[decrypt] envelope 1: TAG FAILED
[thr] envelope 2: threshold met (2 shares, members 2,1)
[dbg-node] xe: 087494adb4faff42
[dbg-node] ss_full: 850e0cdab448a02e286b7519372760bef6aa6969c90e4906fe2b5d862fcfb2ffa6d77eb433ab20f116a2f1ea1b6d0201da067a96a07c87f1b0423e5fee90f740981e1add0ad1778c309bc5a8290b2c97b15e964576bd83755139527ea8f6280199f67897279a98ef35de7a965905d33a05e22797f33cc0803b8050cb59dab511a86e300eb5973b70329a961b106c8f005c55a3e9558e45308d26d0fce2e6b77c07ca6de2d7aa630c83889510b0fadaa3fb01c2e9e58399366a7826c72702ce00
[dbg-node] hdr_full: 0700000000000000000000000000000000000000000000000000000000000000000000000000000002000000000000006400000000000000
[dbg] D_agg: 850e0cdab448a02e | hdr: 0700000000000000 | k: a87e23ab
[decrypt] envelope 2: TAG FAILED
[thr] envelope 3: threshold met (2 shares, members 2,1)
[dbg-node] xe: 087494adb4faff42
[dbg-node] ss_full: d47f3060ef88940b9350a8d227ddc4ae27b5c8ce90d7af136e58d1eeea59bdacee741b938d41db4691479ae2d244950144272a4646c7557f7f85b2418b3f399bc1e6fc745cc3fcb8749d8bad30ce7548550c21c4c1830c0d3be3c9dd61e86400c42c3606c9749823c80ea2824f7a8ec3cad3526b13d8d23cea77646c7520ed74c772380f327085a471770194f225f60051e09a2d1e6f60fc8672133a2ec7d4ec95674fb95d7a00f5e7ac9b4bdab5b973605c1c824b9c46323e96d5d694304201
[dbg-node] hdr_full: 0700000000000000000000000000000000000000000000000000000000000000000000000000000003000000000000006400000000000000
[dbg] D_agg: d47f3060ef88940b | hdr: 0700000000000000 | k: 964e9109
[decrypt] envelope 3: TAG FAILED
[thr] envelope 4: threshold met (2 shares, members 2,1)
[dbg-node] xe: 087494adb4faff42
[dbg-node] ss_full: bf43ebb57fa1f12125a70e8609afd1547d427e34970e710c518939f573924852da59ba15e2d5c828dbdadaf41cecf500c1fb1a34ceaae1e55f5dcd0761500534f872b6a5f654f5aee6192df51b7548a30f35761a66422ee0ea14557def627301339a0dca1280d45ba1967f392d8bd16b47d880d56c766fce9281f89651af2cb6f87db6ec9dcdabcec2382874a2d71e00192436e9051f782945d6222ed8131cca21bbbce0af14e98f6a3ada62b06559db753a8a0d14a5ad40ffb7887f7c2de800
[dbg-node] hdr_full: 0700000000000000000000000000000000000000000000000000000000000000000000000000000004000000000000006400000000000000
[dbg] D_agg: bf43ebb57fa1f121 | hdr: 0700000000000000 | k: 89aa9f20
[decrypt] envelope 4: TAG FAILED
[thr] envelope 5: threshold met (2 shares, members 2,1)
[dbg-node] xe: 087494adb4faff42
[dbg-node] ss_full: e80cffc99676fe4adf43cecc999175ddd9d659a249e52934ce96222665b1d17d38d3dea877ba6ea116c46876fdef5b00588c98326e3d10ca5d33702492992cd0114f4f802c4472c4874b05ce3a51e74be1fdfb71acfd0dba6d6378b589038001298fd7bafe35f09db62b67a8c526f3e0e7b25f1521da76870a1d29690cc76bb339789372508097d4e8e2aa7680a0cb005f817f6f5c6371eb3245d18800965bac8cdaf8298be62dff4caedb5b7da89c13521b6c3bd94a6c896d3c919e4085ba00
[dbg-node] hdr_full: 0700000000000000000000000000000000000000000000000000000000000000000000000000000005000000000000006400000000000000
[dbg] D_agg: e80cffc99676fe4a | hdr: 0700000000000000 | k: 9fce894e
[decrypt] envelope 5: TAG FAILED
[thr] envelope 6: threshold met (2 shares, members 2,1)
[dbg-node] xe: 087494adb4faff42
[dbg-node] ss_full: a041f762be777e6cfc95511f7bf50951f6ee8b6d61f76e67104b9991cc2bb21f0416f9e524aca0d0e0dd2ead243bc300c167d48f8c834d7d7b4b5c63da6f6eda051efb84c7ce694ce7b332bfae86d7336ebc5b0bdc84536c8cbb090067d986005410ba752170c712c9de398a7bc5c202043fcd0cde2c3d670f855bb8227735fdbfd1986433ac0ba1c8207123b92f5600b6d8c1850c50633dfb86d8d7f9568843d48df607cddfe032600645ed0c5f43d1144e812bbf1e3f8523524c2b775e4600
[dbg-node] hdr_full: 0700000000000000000000000000000000000000000000000000000000000000000000000000000006000000000000006400000000000000
[dbg] D_agg: a041f762be777e6c | hdr: 0700000000000000 | k: 0036b5a7
[decrypt] envelope 6: TAG FAILED
[thr] envelope 7: threshold met (2 shares, members 2,1)
[dbg-node] xe: 087494adb4faff42
[dbg-node] ss_full: f97e1a6afa48761117156178b7f4aab5a2a96c0ed657c8c8fc2416cb2e664b9515c158a012a8bfd538eda5cab4d26001c4b28732f0d86de505b7f5a10c09a280968e50b6d8d1d54497b1e1ffb22361a7510f0afaea4e9fc138e9797514da42000100f0a8ed49512513ae55fb0446b32034c448e3fef274edc38cb05308611198f71dc493c3dbf6ac8b2532249f1e7b00278fdfcf39fbdd6bb377efcbe1825a0ac74b20bbe58d6879d8d3227a3587f688b06ee6802975d71caabdad0eb500eb00
[dbg-node] hdr_full: 0700000000000000000000000000000000000000000000000000000000000000000000000000000007000000000000006400000000000000
[dbg] D_agg: f97e1a6afa487611 | hdr: 0700000000000000 | k: 30ac83b9
[decrypt] envelope 7: TAG FAILED
[thr] envelope 8: 1/2 shares, waiting
[thr] envelope 9: 1/2 shares, waiting
[recv] type=8 size=200
[thr] 0x08: share from member 1 for envelope 8 (collected 1)
[decrypt] envelope 8: "encrypted-decree-8" (tag OK) [via 0x08 retrigger]
[recv] type=8 size=200
[thr] 0x08: share from member 1 for envelope 9 (collected 1)
[decrypt] envelope 9: "encrypted-decree-9" (tag OK) [via 0x08 retrigger]
[recv] type=6 size=204
[voted] ok=1 epoch=0 round=6
[voted] members=3
[voted] member 1 verify=1
[agg-batch] join: round=6 count->1
[vote] VERIFIED from member 1 (epoch 0, round 6)
[mssc] round 8: pref=A conf=7 kind=3
[recv] type=6 size=204
[voted] ok=1 epoch=0 round=7
[voted] members=3
[voted] member 1 verify=1
[agg-batch] join: round=7 count->1
[vote] VERIFIED from member 1 (epoch 0, round 7)
[mssc] round 9: pref=A conf=8 kind=3
[recv] type=6 size=204
[voted] ok=1 epoch=0 round=8
[voted] members=3
[voted] member 1 verify=1
[agg-batch] join: round=8 count->1
[vote] VERIFIED from member 1 (epoch 0, round 8)
[mssc] round 10: pref=A conf=9 kind=3
[recv] type=6 size=204
[voted] ok=1 epoch=0 round=9
[voted] members=3
[voted] member 1 verify=1
[agg-batch] join: round=9 count->1
[vote] VERIFIED from member 1 (epoch 0, round 9)
[mssc] round 11: pref=A conf=10 kind=3
[recv] type=6 size=204
[voted] ok=1 epoch=0 round=10
[voted] members=3
[voted] member 1 verify=1
[agg-batch] join: round=10 count->1
[vote] VERIFIED from member 1 (epoch 0, round 10)
[mssc] round 12: pref=A conf=11 kind=3
[recv] type=6 size=204
[voted] ok=1 epoch=0 round=11
[voted] members=3
[voted] member 1 verify=1
[agg-batch] join: round=11 count->1
[vote] VERIFIED from member 1 (epoch 0, round 11)
[mssc] round 13: pref=A conf=12 kind=3
[recv] type=6 size=204
[voted] ok=1 epoch=0 round=12
[voted] members=3
[voted] member 1 verify=1
[agg-batch] join: round=12 count->1
[vote] VERIFIED from member 1 (epoch 0, round 12)
[mssc] round 14: pref=A conf=13 kind=3
[recv] type=6 size=204
[voted] ok=1 epoch=0 round=13
[voted] members=3
[voted] member 1 verify=1
[agg-batch] join: round=13 count->1
[vote] VERIFIED from member 1 (epoch 0, round 13)
[mssc] round 15: pref=A conf=14 kind=3
[recv] type=6 size=204
[voted] ok=1 epoch=0 round=14
[voted] members=3
[voted] member 1 verify=1
[agg-batch] join: round=14 count->1
[vote] VERIFIED from member 1 (epoch 0, round 14)
[mssc] round 16: pref=A conf=15 kind=3
[recv] type=6 size=204
[voted] ok=1 epoch=0 round=15
[voted] members=3
[voted] member 1 verify=1
[agg-batch] join: round=15 count->1
[vote] VERIFIED from member 1 (epoch 0, round 15)
[mssc] round 17: pref=A conf=16 kind=3
[recv] type=6 size=204
[voted] ok=1 epoch=0 round=16
[voted] members=3
[voted] member 1 verify=1
[agg-batch] join: round=16 count->1
[vote] VERIFIED from member 1 (epoch 0, round 16)
[mssc] round 18: pref=A conf=17 kind=3
[recv] type=6 size=204
[voted] ok=1 epoch=0 round=17
[voted] members=3
[voted] member 1 verify=1
[agg-batch] join: round=17 count->1
[vote] VERIFIED from member 1 (epoch 0, round 17)
[mssc] round 19: pref=A conf=18 kind=3
[recv] type=6 size=204
[voted] ok=1 epoch=0 round=18
[voted] members=3
[voted] member 1 verify=1
[agg-batch] join: round=18 count->1
[vote] VERIFIED from member 1 (epoch 0, round 18)
[mssc] round 20: pref=A conf=19 kind=3
[recv] type=6 size=204
[voted] ok=1 epoch=0 round=19
[voted] members=3
[voted] member 1 verify=1
[agg-batch] join: round=19 count->1
[vote] VERIFIED from member 1 (epoch 0, round 19)
[mssc] round 21: pref=A conf=20 kind=3
[recv] type=6 size=204
[voted] ok=1 epoch=0 round=20
[voted] members=3
