[dkg] epoch=0 n=3 t=2 - 3/3 shares Feldman-VERIFIED (beacon-seeded, no trusted dealer)
[vote] test committee registered: 3 members
[mssc] member 2: weight 40, initial pref decreeB
═══════════════════════════════════════
  HSMA EPOCH NODE — P2-02
  port: 31234 | k_entries: 10 | epoch: 0
═══════════════════════════════════════
[node] listening on port 31234
[node] generating 10 local decree entries...
[pi_E] epoch 0 complete (10 entries) — producing π_E...
[pi_E] epoch 0: wrap_verify ACCEPT (stage=0)
[pouw] epoch 0: 64^3 GEMM self-verify ACCEPT | weight 262144 MACs | 1649 ms
[gossip] epoch header sent to 0 peers

═══════════════════════════════════════
  EPOCH 0 COMPLETE — π_E PRODUCED
  decree entries: 10
  verify: ACCEPT
  peers: 0
  entering gossip loop (listening for new decrees)...
═══════════════════════════════════════
[explorer] HTTP server listening on port 32234
[explorer] open http://localhost:32234 in a browser
[peer] new connection (fd=6)
[recv] type=6 size=204
[voted] ok=1 epoch=0 round=0
[voted] members=3
[voted] member 1 verify=1
[agg-batch] join: round=0 count->1
[vote] VERIFIED from member 1 (epoch 0, round 0)
[mssc] round 1: pref=B conf=0 kind=2
[peer] new connection (fd=7)
[recv] type=6 size=204
[voted] ok=1 epoch=0 round=0
[voted] members=3
[voted] member 1 verify=0
[voted] member 2 verify=1
[agg-batch] join: round=0 count->2
AddressSanitizer:DEADLYSIGNAL
=================================================================
==21185==ERROR: AddressSanitizer: ABRT on unknown address 0x2a2900002763 (pc 0x006376889efc bp 0x007fd9843c20 sp 0x007fd9843b60 T0)
    #0 0x006376889efc in hsma::threshold::mont::mmul(hsma::threshold::mont::MCtx const&, std::__ndk1::array<unsigned long, 6ul> const&, std::__ndk1::array<unsigned long, 6ul> const&) /data/data/com.termux/files/home/hsma/include/hsma/threshold/mont384.hpp:89:18
    #1 0x00637688b684 in hsma::threshold::mont::mpow(hsma::threshold::mont::MCtx const&, std::__ndk1::array<unsigned long, 6ul> const&, std::__ndk1::array<unsigned long, 6ul> const&) /data/data/com.termux/files/home/hsma/include/hsma/threshold/mont384.hpp:134:9
    #2 0x00637688b684 in hsma::threshold::fq2_inv(hsma::threshold::mont::MCtx const&, hsma::threshold::Fq2 const&, std::__ndk1::array<unsigned long, 6ul> const&) /data/data/com.termux/files/home/hsma/include/hsma/threshold/fq2.hpp:67:26
    #3 0x0063768a67ec in hsma::threshold::fq6_inv(hsma::threshold::Fq6 const&) /data/data/com.termux/files/home/hsma/include/hsma/threshold/fq12.hpp:64:20
    #4 0x0063768a57dc in hsma::threshold::fq12_inv(hsma::threshold::Fq12 const&) /data/data/com.termux/files/home/hsma/include/hsma/threshold/fq12.hpp:92:20
    #5 0x0063768a5380 in hsma::threshold::miller(unsigned long const*, unsigned long const*, hsma::threshold::Fq12 const&, hsma::threshold::Fq12 const&) /data/data/com.termux/files/home/hsma/include/hsma/threshold/pairing.hpp:58:46
    #6 0x0063768a47b4 in hsma::threshold::pairing(unsigned long const*, unsigned long const*, hsma::threshold::g2::G2Pt const&) /data/data/com.termux/files/home/hsma/include/hsma/threshold/pairing.hpp:77:27
    #7 0x006376883c38 in hsma::threshold::bls_verify_aff(unsigned long const*, unsigned long const*, unsigned long const*, unsigned long const*, hsma::threshold::g2::G2Pt const&) /data/data/com.termux/files/home/hsma/include/hsma/threshold/pairing.hpp:84:20
    #8 0x006376883c38 in hsma::msscvote::agg_verify(hsma::msscvote::AggregateVerify const&, std::__ndk1::vector<unsigned char, std::__ndk1::allocator<unsigned char>> const&) /data/data/com.termux/files/home/hsma/include/hsma/msscvote.hpp:151:12
    #9 0x006376874608 in main /data/data/com.termux/files/home/hsma/tools/epoch_node.cpp:570:59
    #10 0x0075bf8d9564 in __libc_init (/apex/com.android.runtime/lib64/bionic/libc.so+0x8d564) (BuildId: 5144907d23fac121cc594696acde97e0)

AddressSanitizer can not provide additional info.
SUMMARY: AddressSanitizer: ABRT /data/data/com.termux/files/home/hsma/include/hsma/threshold/mont384.hpp:89:18 in hsma::threshold::mont::mmul(hsma::threshold::mont::MCtx const&, std::__ndk1::array<unsigned long, 6ul> const&, std::__ndk1::array<unsigned long, 6ul> const&)
==21185==ABORTING
