[1/1] Cleaning all built files...
Cleaning... 37 files.
[1/34] DEC-090: enforcing float-free numeric core
[lint] DEC-090 clean: numeric core is float-free.
[2/34] Building CXX object CM   all 20 generated headers present
── [3/4] diagnostics ────────────────────────────
./scripts/gate.sh: line 30: ./build/diag_step5: No such file or directory
] Building CXX object CMakeFiles/test_step10.dir/conformance/test_step10.cpp.o
[7/34] Building CXX object CMakeFiles/test_step7.dir/conformance/test_step7.cpp.o
[8/34] Linking CXX executable test_step10
[9/34] Building CXX object CMakeFiles/test_step10b.dir/conformance/test_step10b.cpp.o
[10/34] Linking CXX executable test_step7
[11/34] Linking CXX executable test_step10b
[12/34] Building CXX object CMakeFiles/test_step14.dir/conformance/test_step14.cpp.o
FAILED: [code=1] CMakeFiles/test_step14.dir/conformance/test_step14.cpp.o 
/data/data/com.termux/files/usr/bin/c++  -I/data/data/com.termux/files/home/hsma/include -I/data/data/com.termux/files/home/hsma/build/generated -Os -DNDEBUG -std=c++20 -MD -MT CMakeFiles/test_step14.dir/conformance/test_step14.cpp.o -MF CMakeFiles/test_step14.dir/conformance/test_step14.cpp.o.d -o CMakeFiles/test_step14.dir/conformance/test_step14.cpp.o -c /data/data/com.termux/files/home/hsma/conformance/test_step14.cpp
In file included from /data/data/com.termux/files/home/hsma/conformance/test_step14.cpp:3:
/data/data/com.termux/files/home/hsma/include/hsma/fold.hpp:38:12: error: use of undeclared identifier 'fe_from_canonical_limbs'; did you mean 'fp::fe_from_canonical_limbs'?
   38 |     return fe_from_canonical_limbs(c);
      |            ^~~~~~~~~~~~~~~~~~~~~~~
      |            fp::fe_from_canonical_limbs
/data/data/com.termux/files/home/hsma/include/hsma/poseidon.hpp:14:11: note: 'fp::fe_from_canonical_limbs' declared here
   14 | inline fe fe_from_canonical_limbs(const std::array<std::uint64_t,4>& c) noexcept {
      |           ^
In file included from /data/data/com.termux/files/home/hsma/conformance/test_step14.cpp:3:
/data/data/com.termux/files/home/hsma/include/hsma/fold.hpp:56:53: error: use of undeclared identifier 'fe_from_u64'; did you mean 'fp::fe_from_u64'?
   56 |     return poseidon3(dom::Dom::HSM_FOLD_v1, digest, fe_from_u64(count));
      |                                                     ^~~~~~~~~~~
      |                                                     fp::fe_from_u64
/data/data/com.termux/files/home/hsma/include/hsma/fe.hpp:144:11: note: 'fp::fe_from_u64' declared here
  144 | inline fe fe_from_u64(std::uint64_t x) noexcept {
      |           ^
/data/data/com.termux/files/home/hsma/conformance/test_step14.cpp:15:12: error: use of undeclared identifier 'fe_from_canonical_limbs'; did you mean 'hsma::fp::fe_from_canonical_limbs'?
   15 |     return fe_from_canonical_limbs(c);
      |            ^~~~~~~~~~~~~~~~~~~~~~~
      |            hsma::fp::fe_from_canonical_limbs
/data/data/com.termux/files/home/hsma/include/hsma/poseidon.hpp:14:11: note: 'hsma::fp::fe_from_canonical_limbs' declared here
   14 | inline fe fe_from_canonical_limbs(const std::array<std::uint64_t,4>& c) noexcept {
      |           ^
/data/data/com.termux/files/home/hsma/conformance/test_step14.cpp:101:47: error: use of undeclared identifier 'fe_from_u64'; did you mean 'hsma::fp::fe_from_u64'?
  101 |         fold::FoldState f3{root, fold::f_head(fe_from_u64(999), gfe(golden::G14F_DECREE))};
      |                                               ^~~~~~~~~~~
      |                                               hsma::fp::fe_from_u64
/data/data/com.termux/files/home/hsma/include/hsma/fe.hpp:144:11: note: 'hsma::fp::fe_from_u64' declared here
  144 | inline fe fe_from_u64(std::uint64_t x) noexcept {
      |           ^
/data/data/com.termux/files/home/hsma/conformance/test_step14.cpp:110:23: error: use of undeclared identifier 'fe_from_u64'; did you mean 'hsma::fp::fe_from_u64'?
  110 |         bad.pt_hash = fe_from_u64(1);  // wrong binding
      |                       ^~~~~~~~~~~
      |                       hsma::fp::fe_from_u64
/data/data/com.termux/files/home/hsma/include/hsma/fe.hpp:144:11: note: 'hsma::fp::fe_from_u64' declared here
  144 | inline fe fe_from_u64(std::uint64_t x) noexcept {
      |           ^
5 errors generated.
[13/34] Building CXX object CMakeFiles/test_step9.dir/conformance/test_step9.cpp.o
[14/34] Building CXX object CMakeFiles/test_step12.dir/conformance/test_step12.cpp.o
[15/34] Building CXX object CMakeFiles/test_step13.dir/conformance/test_step13.cpp.o
[16/34] [gen] deriving Montgomery constants + golden vectors (DEC-102)
[validate] pallas: prime ✓  bits=255  2-adicity=32  log2(p)=254.000000000000
[emit] /data/data/com.termux/files/home/hsma/build/generated/pallas_params_gen.hpp
[flags] -DHSMA_PALLAS_N0=0x8c46eb20ffffffff -DHSMA_PALLAS_P_HI=0x4000000000000000
[validate] vesta: prime ✓  bits=255  2-adicity=32  log2(p)=254.000000000000
[emit] /data/data/com.termux/files/home/hsma/build/generated/vesta_params_gen.hpp
[flags] -DHSMA_VESTA_N0=0x992d30ecffffffff -DHSMA_VESTA_P_HI=0x4000000000000000
[emit] /data/data/com.termux/files/home/hsma/build/generated/field_golden.hpp (2472 cases)
[emit] /data/data/com.termux/files/home/hsma/build/generated/rnte_golden.hpp (32 cases)
[poseidon] MDS proven (all minors nonsingular); 80 RCs derived
[emit] /data/data/com.termux/files/home/hsma/build/generated/poseidon_params_gen.hpp
[emit] /data/data/com.termux/files/home/hsma/build/generated/domain_registry_gen.hpp
[emit] /data/data/com.termux/files/home/hsma/build/generated/poseidon_golden.hpp
[emit] /data/data/com.termux/files/home/hsma/build/generated/smt_golden.hpp  (roots A/AB/A1/TX anchored, proof fold verified)
[emit] /data/data/com.termux/files/home/hsma/build/generated/consensus_golden.hpp  (C1 fin@150, C2 sus@50, winner=H, delay=22)
[done] all constants derived, validated, emitted.
[step7][prov] kernel parameter x = 0x8508c00000000001 (identity x^4 - x^2 + 1 == r)
[validate] bls-r: matches documented r, MR-52 prime, bits=253, 2-adicity(r-1)=47, inv0=OK
[step7][emit] bls_params_gen.hpp
[step7][emit] threshold_golden.hpp (64 pairs, DKG n=5/t=3, tamper divergence asserted)
[t8] params OK
[t8] ks drawn (r-limit draws healthy)
[t8] bls_q_params_gen.hpp written
[t8] bls_curve_golden.hpp written
[validate] bls-q: MR-52 prime, 377 bits, ancestry OK, 2adic(q-1)=46
[step8][emit] bls_q_params_gen.hpp (q, mont consts, GEN)
[step8][emit] bls_curve_golden.hpp (48 fq pairs, 4+4+4 triples, 8 tonelli)
[t9] params OK
[t9] h2g1 x4 OK (on-curve, [r]H=inf oracle-checked)
[t9] DKG n=5/t=3 OK (commitments, 25/25 share equations, PK)
[t9] threshold sigs x3 OK (law sigma == [S]H oracle-checked)
[t9] beacon chain x4 OK (threshold-signed, SHA-256 digested)
[step9][emit] threshold_sig_golden.hpp (h2g1 x4, DKG n=5/t=3 + PK, sigs x3, beacon x4)
[t10] beta=5 h2=2^502 b2=(5,1)
[t10] F_q2 pairs x32 OK
[t10] E' triples x4+4+4 OK
[t10] G2 generator: [h2]P ok, [r]G2=inf verified
[validate] twist: beta=5, b2=(5,1), h2 bits=502
[step10][emit] bls_g2_params_gen.hpp (beta, b2, h2, G2 generator)
[step10][emit] g2_curve_golden.hpp (32 fq2 pairs, 4+4+4 E' triples)
[t10b] tower: gamma=(5,1), delta=v (w²=v, w⁶=γ)
[t10b] w⁶ = γ verified
[t10b] twist map: ψ(Q) on E verified
[t10b] non-degenerate: e(G1, G2) != 1
[t10b] bilinearity verified: e([2]P,[3]Q) == e(P,Q)⁶
[t10b] BLS LAW VERIFIED: e([S]H, G2gen) == e(H, [S]G2gen)  (secret-free)
[t10b] tampered sigma rejected (soundness)
[t10b] threshold t-of-n aggregate VERIFIED (partials + Lagrange -> e == e)
[t10b] generating pairing goldens...
[t10b] miller goldens x8 OK
[t10b] pairing goldens x4 OK
[t10b] BLS cases x4 (3 pass + 1 tamper) OK
[step10b][emit] pairing_golden.hpp (miller x8, pairings x4, BLS x4, threshold x1, e_1)
[emit] ./generated/consensus_golden.hpp  (C1 fin@150, C2 sus@50, winner=H, delay=376)
[step11] sim_beacon RETIRED from the golden path (DEC-200):
[step11] consensus_golden.hpp re-emitted with HSM_BEACON_V1 over the G7 committee
[t12] envelopes x4 encrypted (G2-plane KEM + Phase-0 DEM)
[t12] ordering lock: beacon-shuffled order=[0, 3, 2, 1] (REAL beacon, Step 11 chain)
[t12] shares x12 pairing identities + attestations x12 verified (oracle)
[t12] aggregate + decrypt roundtrip x4 OK (k matches, tag matches, payload recovered)
[t12] malformed share REJECTED by pairing identity (item 6)
[t12] wrong-order_root attestation REJECTED (order-bound)
[t12] tampered ciphertext REJECTED by DEM tag
[step12][emit] m2_golden.hpp (envelopes x4, order, shares x12, attestations x12, keys)
[t13] sigma_user x4 signed + pairing-verified (DEC-204)
[t13] forged sigma_user REJECTED (item 5 closed)
[t13] partials x2 subsets -> identical aggregate == [S]H (DEC-205)
[t13] beacon-from-partials == harness chain (cross-checked)
[t13] 2-of-5 partials REJECTED (t-threshold enforced)
[t13] cross-epoch replay REJECTED (item 4 explicit)
[step13][emit] m2prod_golden.hpp (user keys x4, sigma_user x4, partials x2 subsets, aggregates)
[t14] honest epoch folded: 5 entries (4 EXEC + 1 SKIP) + 1 PAD; final states verified
[t14] padding-neutrality: sans-PAD final digest IDENTICAL
[t14] chain dependency: different prev_digest -> different final
[t14] negatives: binding / nonce / insolvent-EXEC all REJECTED
[step14][emit] fold_golden.hpp (accounts, 6 entries, verdicts, digest chain, finals)
ninja: build stopped: subcommand failed.
