[1/1] Cleaning all built files...
Cleaning... 20 files.
[1/40] DEC-090: enforcing float-free numeric core
[lint] DEC-090 clean: numeric core is float-free.
[2/40] Building CXX object CM   all 23 generated headers present
── [3/4] diagnostics ────────────────────────────
./scripts/gate.sh: line 30: ./build/diag_step5: No such file or directory
] Building CXX object CMakeFiles/test_step10.dir/conformance/test_step10.cpp.o
[7/40] Building CXX object CMakeFiles/test_step7.dir/conformance/test_step7.cpp.o
[8/40] Building CXX object CMakeFiles/test_step10b.dir/conformance/test_step10b.cpp.o
[9/40] Linking CXX executable test_step10
[10/40] Linking CXX executable test_step7
[11/40] Linking CXX executable test_step10b
[12/40] Building CXX object CMakeFiles/test_step17.dir/conformance/test_step17.cpp.o
FAILED: [code=1] CMakeFiles/test_step17.dir/conformance/test_step17.cpp.o 
/data/data/com.termux/files/usr/bin/c++  -I/data/data/com.termux/files/home/hsma/include -I/data/data/com.termux/files/home/hsma/build/generated -Os -DNDEBUG -std=c++20 -MD -MT CMakeFiles/test_step17.dir/conformance/test_step17.cpp.o -MF CMakeFiles/test_step17.dir/conformance/test_step17.cpp.o.d -o CMakeFiles/test_step17.dir/conformance/test_step17.cpp.o -c /data/data/com.termux/files/home/hsma/conformance/test_step17.cpp
In file included from /data/data/com.termux/files/home/hsma/conformance/test_step17.cpp:4:
/data/data/com.termux/files/home/hsma/include/hsma/epoch.hpp:27:41: error: use of undeclared identifier 'g2'; did you mean 'threshold::g2'?
   27 |                       const std::vector<g2::G2Pt>& Rs, // the KEM ciphertext points
      |                                         ^~
      |                                         threshold::g2
/data/data/com.termux/files/home/hsma/include/hsma/threshold/g2.hpp:11:28: note: 'threshold::g2' declared here
   11 | namespace hsma::threshold::g2 {
      |                            ^
In file included from /data/data/com.termux/files/home/hsma/conformance/test_step17.cpp:4:
/data/data/com.termux/files/home/hsma/include/hsma/epoch.hpp:36:9: error: use of undeclared identifier 'm2'; did you mean 'threshold::m2'?
   36 |         m2::ser_g2(Rs[i], rs);
      |         ^~
      |         threshold::m2
/data/data/com.termux/files/home/hsma/include/hsma/threshold/m2.hpp:15:28: note: 'threshold::m2' declared here
   15 | namespace hsma::threshold::m2 {
      |                            ^
In file included from /data/data/com.termux/files/home/hsma/conformance/test_step17.cpp:4:
/data/data/com.termux/files/home/hsma/include/hsma/epoch.hpp:37:9: error: use of undeclared identifier 'm2'; did you mean 'threshold::m2'?
   37 |         m2::ct_hash(cths[i].data(), rs, cts[i].data(), cts[i].size());
      |         ^~
      |         threshold::m2
/data/data/com.termux/files/home/hsma/include/hsma/threshold/m2.hpp:15:28: note: 'threshold::m2' declared here
   15 | namespace hsma::threshold::m2 {
      |                            ^
In file included from /data/data/com.termux/files/home/hsma/conformance/test_step17.cpp:4:
/data/data/com.termux/files/home/hsma/include/hsma/epoch.hpp:38:9: error: use of undeclared identifier 'm2'; did you mean 'threshold::m2'?
   38 |         m2::sort_key(keys[i].data(), beacon, cths[i].data());
      |         ^~
      |         threshold::m2
/data/data/com.termux/files/home/hsma/include/hsma/threshold/m2.hpp:15:28: note: 'threshold::m2' declared here
   15 | namespace hsma::threshold::m2 {
      |                            ^
In file included from /data/data/com.termux/files/home/hsma/conformance/test_step17.cpp:4:
/data/data/com.termux/files/home/hsma/include/hsma/epoch.hpp:54:5: error: use of undeclared identifier 'm2'; did you mean 'threshold::m2'?
   54 |     m2::order_root(oroot, sorted_hashes, 4);
      |     ^~
      |     threshold::m2
/data/data/com.termux/files/home/hsma/include/hsma/threshold/m2.hpp:15:28: note: 'threshold::m2' declared here
   15 | namespace hsma::threshold::m2 {
      |                            ^
/data/data/com.termux/files/home/hsma/conformance/test_step17.cpp:34:8: error: use of undeclared identifier 'g2'; did you mean 'hsma::threshold::g2'?
   34 | static g2::G2Pt R_of(unsigned i) {
      |        ^~
      |        hsma::threshold::g2
/data/data/com.termux/files/home/hsma/include/hsma/threshold/g2.hpp:11:28: note: 'hsma::threshold::g2' declared here
   11 | namespace hsma::threshold::g2 {
      |                            ^
/data/data/com.termux/files/home/hsma/conformance/test_step17.cpp:35:12: error: use of undeclared identifier 'g2'; did you mean 'hsma::threshold::g2'?
   35 |     return g2::from_affine(golden::G12M_RPT[i][0], golden::G12M_RPT[i][1],
      |            ^~
      |            hsma::threshold::g2
/data/data/com.termux/files/home/hsma/include/hsma/threshold/g2.hpp:11:28: note: 'hsma::threshold::g2' declared here
   11 | namespace hsma::threshold::g2 {
      |                            ^
/data/data/com.termux/files/home/hsma/conformance/test_step17.cpp:35:36: error: no member named 'G12M_RPT' in namespace 'hsma::golden'
   35 |     return g2::from_affine(golden::G12M_RPT[i][0], golden::G12M_RPT[i][1],
      |                                    ^~~~~~~~
/data/data/com.termux/files/home/hsma/conformance/test_step17.cpp:35:60: error: no member named 'G12M_RPT' in namespace 'hsma::golden'
   35 |     return g2::from_affine(golden::G12M_RPT[i][0], golden::G12M_RPT[i][1],
      |                                                            ^~~~~~~~
/data/data/com.termux/files/home/hsma/conformance/test_step17.cpp:36:36: error: no member named 'G12M_RPT' in namespace 'hsma::golden'
   36 |                            golden::G12M_RPT[i][2], golden::G12M_RPT[i][3]);
      |                                    ^~~~~~~~
/data/data/com.termux/files/home/hsma/conformance/test_step17.cpp:36:60: error: no member named 'G12M_RPT' in namespace 'hsma::golden'
   36 |                            golden::G12M_RPT[i][2], golden::G12M_RPT[i][3]);
      |                                                            ^~~~~~~~
/data/data/com.termux/files/home/hsma/conformance/test_step17.cpp:59:17: error: use of undeclared identifier 'g2'; did you mean 'hsma::threshold::g2'?
   59 |     std::vector<g2::G2Pt> Rs;
      |                 ^~
      |                 hsma::threshold::g2
/data/data/com.termux/files/home/hsma/include/hsma/threshold/g2.hpp:11:28: note: 'hsma::threshold::g2' declared here
   11 | namespace hsma::threshold::g2 {
      |                            ^
/data/data/com.termux/files/home/hsma/conformance/test_step17.cpp:70:42: error: no member named 'G12M_BEACON' in namespace 'hsma::golden'
   70 |     const std::uint8_t* beacon = golden::G12M_BEACON;
      |                                          ^~~~~~~~~~~
/data/data/com.termux/files/home/hsma/conformance/test_step17.cpp:81:42: warning: format specifies type 'unsigned int' but the argument has type 'std::uint64_t' (aka 'unsigned long') [-Wformat]
   81 |     printf("[dbg] count=%u golden=%u\n", result.acc.count, golden::G17F_COUNT);
      |                         ~~               ^~~~~~~~~~~~~~~~
      |                         %lu
/data/data/com.termux/files/home/hsma/conformance/test_step17.cpp:85:51: warning: format specifies type 'unsigned int' but the argument has type 'std::uint64_t' (aka 'unsigned long') [-Wformat]
   85 |                 "%u entries, 41B accumulator)\n", result.acc.count);
      |                  ~~                               ^~~~~~~~~~~~~~~~
      |                  %lu
2 warnings and 13 errors generated.
[13/40] Building CXX object CMakeFiles/test_step9.dir/conformance/test_step9.cpp.o
[14/40] Building CXX object CMakeFiles/test_step12.dir/conformance/test_step12.cpp.o
[15/40] Building CXX object CMakeFiles/test_step13.dir/conformance/test_step13.cpp.o
[16/40] [gen] deriving Montgomery constants + golden vectors (DEC-102)
FAILED: [code=1] generated/pallas_params_gen.hpp generated/vesta_params_gen.hpp generated/field_golden.hpp generated/rnte_golden.hpp generated/poseidon_params_gen.hpp generated/domain_registry_gen.hpp generated/poseidon_golden.hpp /data/data/com.termux/files/home/hsma/build/generated/pallas_params_gen.hpp /data/data/com.termux/files/home/hsma/build/generated/vesta_params_gen.hpp /data/data/com.termux/files/home/hsma/build/generated/field_golden.hpp /data/data/com.termux/files/home/hsma/build/generated/rnte_golden.hpp /data/data/com.termux/files/home/hsma/build/generated/poseidon_params_gen.hpp /data/data/com.termux/files/home/hsma/build/generated/domain_registry_gen.hpp /data/data/com.termux/files/home/hsma/build/generated/poseidon_golden.hpp 
cd /data/data/com.termux/files/home/hsma/build && /data/data/com.termux/files/usr/bin/python3.14 /data/data/com.termux/files/home/hsma/scripts/gen_constants.py --out /data/data/com.termux/files/home/hsma/build/generated
[validate] pallas: prime ✓  bits=255  2-adicity=32  log2(p)=254.000000000000
[emit] /data/data/com.termux/files/home/hsma/build/generated/pallas_params_gen.hpp
[flags] -DHSMA_PALLAS_N0=0x8c46eb20ffffffff -DHSMA_PALLAS_P_HI=0x4000000000000000
[validate] vesta: prime ✓  bits=255  2-adicity=32  log2(p)=254.000000000000
[emit] /data/data/com.termux/files/home/hsma/build/generated/vesta_params_gen.hpp
[flags] -DHSMA_VESTA_N0=0x992d30ecffffffff -DHSMA_VESTA_P_HI=0x4000000000000000
[emit] /data/data/com.termux/files/home/hsma/build/generated/field_golden.hpp (2472 cases)
[emit] /data/data/com.termux/files/home/hsma/build/generated/rnte_golden.hpp (32 cases)
[poseidon] MDS proven (all minors nonsingular); 80 RCs derived
[emit] /data/data/com.termux/files/home/hsma/build/generated/poseidon_params_gen.hpp
[emit] /data/data/com.termux/files/home/hsma/build/generated/domain_registry_gen.hpp
[emit] /data/data/com.termux/files/home/hsma/build/generated/poseidon_golden.hpp
[emit] /data/data/com.termux/files/home/hsma/build/generated/smt_golden.hpp  (roots A/AB/A1/TX anchored, proof fold verified)
[emit] /data/data/com.termux/files/home/hsma/build/generated/consensus_golden.hpp  (C1 fin@150, C2 sus@50, winner=H, delay=22)
[done] all constants derived, validated, emitted.
[step7][prov] kernel parameter x = 0x8508c00000000001 (identity x^4 - x^2 + 1 == r)
[validate] bls-r: matches documented r, MR-52 prime, bits=253, 2-adicity(r-1)=47, inv0=OK
[step7][emit] bls_params_gen.hpp
[step7][emit] threshold_golden.hpp (64 pairs, DKG n=5/t=3, tamper divergence asserted)
[t8] params OK
[t8] ks drawn (r-limit draws healthy)
[t8] bls_q_params_gen.hpp written
[t8] bls_curve_golden.hpp written
[validate] bls-q: MR-52 prime, 377 bits, ancestry OK, 2adic(q-1)=46
[step8][emit] bls_q_params_gen.hpp (q, mont consts, GEN)
[step8][emit] bls_curve_golden.hpp (48 fq pairs, 4+4+4 triples, 8 tonelli)
[t9] params OK
[t9] h2g1 x4 OK (on-curve, [r]H=inf oracle-checked)
[t9] DKG n=5/t=3 OK (commitments, 25/25 share equations, PK)
[t9] threshold sigs x3 OK (law sigma == [S]H oracle-checked)
[t9] beacon chain x4 OK (threshold-signed, SHA-256 digested)
[step9][emit] threshold_sig_golden.hpp (h2g1 x4, DKG n=5/t=3 + PK, sigs x3, beacon x4)
[t10] beta=5 h2=2^502 b2=(5,1)
[t10] F_q2 pairs x32 OK
[t10] E' triples x4+4+4 OK
[t10] G2 generator: [h2]P ok, [r]G2=inf verified
[validate] twist: beta=5, b2=(5,1), h2 bits=502
[step10][emit] bls_g2_params_gen.hpp (beta, b2, h2, G2 generator)
[step10][emit] g2_curve_golden.hpp (32 fq2 pairs, 4+4+4 E' triples)
[t10b] tower: gamma=(5,1), delta=v (w²=v, w⁶=γ)
[t10b] w⁶ = γ verified
[t10b] twist map: ψ(Q) on E verified
[t10b] non-degenerate: e(G1, G2) != 1
[t10b] bilinearity verified: e([2]P,[3]Q) == e(P,Q)⁶
[t10b] BLS LAW VERIFIED: e([S]H, G2gen) == e(H, [S]G2gen)  (secret-free)
[t10b] tampered sigma rejected (soundness)
[t10b] threshold t-of-n aggregate VERIFIED (partials + Lagrange -> e == e)
[t10b] generating pairing goldens...
[t10b] miller goldens x8 OK
[t10b] pairing goldens x4 OK
[t10b] BLS cases x4 (3 pass + 1 tamper) OK
[step10b][emit] pairing_golden.hpp (miller x8, pairings x4, BLS x4, threshold x1, e_1)
[emit] ./generated/consensus_golden.hpp  (C1 fin@150, C2 sus@50, winner=H, delay=376)
[step11] sim_beacon RETIRED from the golden path (DEC-200):
[step11] consensus_golden.hpp re-emitted with HSM_BEACON_V1 over the G7 committee
[t12] envelopes x4 encrypted (G2-plane KEM + Phase-0 DEM)
[t12] ordering lock: beacon-shuffled order=[0, 3, 2, 1] (REAL beacon, Step 11 chain)
[t12] shares x12 pairing identities + attestations x12 verified (oracle)
[t12] aggregate + decrypt roundtrip x4 OK (k matches, tag matches, payload recovered)
[t12] malformed share REJECTED by pairing identity (item 6)
[t12] wrong-order_root attestation REJECTED (order-bound)
[t12] tampered ciphertext REJECTED by DEM tag
[step12][emit] m2_golden.hpp (envelopes x4, order, shares x12, attestations x12, keys)
[t13] sigma_user x4 signed + pairing-verified (DEC-204)
[t13] forged sigma_user REJECTED (item 5 closed)
[t13] partials x2 subsets -> identical aggregate == [S]H (DEC-205)
[t13] beacon-from-partials == harness chain (cross-checked)
[t13] 2-of-5 partials REJECTED (t-threshold enforced)
[t13] cross-epoch replay REJECTED (item 4 explicit)
[step13][emit] m2prod_golden.hpp (user keys x4, sigma_user x4, partials x2 subsets, aggregates)
[t14] honest epoch folded: 5 entries (4 EXEC + 1 SKIP) + 1 PAD; final states verified
[t14] padding-neutrality: sans-PAD final digest IDENTICAL
[t14] chain dependency: different prev_digest -> different final
[t14] negatives: binding / nonce / insolvent-EXEC all REJECTED
[step14][emit] fold_golden.hpp (accounts, 6 entries, verdicts, digest chain, finals)
[t15] honest epoch: 24 constraints fired, ALL SATISFIED (binding+nonce+lt+debit+credit+skip_burn+pad)
[t15] adversarial binding: constraint 'binding' VIOLATED
[t15] adversarial nonce: constraint 'nonce' VIOLATED
[t15] adversarial lt_gate: constraint 'lt_gate' VIOLATED
[t15] adversarial lt_gate_exec: constraint 'lt_gate' VIOLATED
[t15] 4 adversarial traces: each VIOLATES exactly the named constraint
[t15] PC matrix: 4 valid transitions, 5 unsatisfiable (SAT-proof)
[step15][emit] ccs_golden.hpp (constraint counts, PC matrix proof)
[t16] succinctness: accumulator size = 41 bytes, CONSTANT across 7 entries
[t16] cross-epoch chain: epoch 1 -> epoch 2 (prev=32 bytes, both 41)
[t16] NIVC selector: 4 valid / 5 invalid transitions
[t16] 20-entry epoch: accumulator size STILL 41 bytes (O(1) in entry count)
[step16][emit] nivc_golden.hpp (acc size, epoch digests, counts)
Traceback (most recent call last):
  File "/data/data/com.termux/files/home/hsma/scripts/gen_constants.py", line 2733, in <module>
    _step17()
    ~~~~~~~^^
  File "/data/data/com.termux/files/home/hsma/scripts/gen_constants.py", line 2553, in _step17
    src17 = open("scripts/gen_constants.py").read()
            ~~~~^^^^^^^^^^^^^^^^^^^^^^^^^^^^
FileNotFoundError: [Errno 2] No such file or directory: 'scripts/gen_constants.py'
ninja: build stopped: subcommand failed.
