[1/1] Cleaning all built files...
Cleaning... 47 files.
[1/44] DEC-090: enforcing float-free numeric core
[lint] DEC-090 clean: numeric core is float-free.
[2/44] Building CXX object CM   all 25 generated headers present
── [3/4] diagnostics ────────────────────────────
SEED: fault=0 allocs=66
LOOKUP: OK  bal=1000 nonce=0
TLEAF tag=2 (want 2)
REC   tag=3 (want 3)  
STORED  = 0x1c3cfad21077198c52c65724b158b408503a1e628d072c010f106554f4f23f9b
VERDICT: canonical-at-rest (DEC-123 held)
DIAG6:SAMPLE-DETERMINISTIC OK
DIAG6:CONTEXT-BINDING LIVE
DIAG6:QUORUM-PATH LIVE (kind=2)
DIAG6:BREAKER-DETERMINISTIC OK delay=98
DIAG6:VERDICT ALL-OK
   authentic + healthy
── [4/4] conformance suite ──────────────────────
Test project /data/data/com.termux/files/home/hsma/build
      Start  1: contract_identity
 1/19 Test  #1: contract_identity ................   Passed    0.03 sec
      Start  2: step2_conformance
 2/19 Test  #2: step2_conformance ................   Passed    0.04 sec
      Start  3: step3_conformance
 3/19 Test  #3: step3_conformance ................   Passed    0.05 sec
      Start  4: step4_conformance
 4/19 Test  #4: step4_conformance ................   Passed    0.15 sec
      Start  5: step5_conformance
 5/19 Test  #5: step5_conformance ................   Passed    0.09 sec
      Start  6: step6_conformance
 6/19 Test  #6: step6_conformance ................   Passed    0.18 sec
      Start  7: step7_conformance
 7/19 Test  #7: step7_conformance ................   Passed    0.06 sec
      Start  8: step8_conformance
 8/19 Test  #8: step8_conformance ................   Passed    0.09 sec
      Start  9: step9_conformance
 9/19 Test  #9: step9_conformance ................   Passed    0.20 sec
      Start 10: step10_conformance
10/19 Test #10: step10_conformance ...............   Passed    0.11 sec
      Start 11: step10b_conformance
11/19 Test #11: step10b_conformance ..............   Passed   14.55 sec
      Start 12: step12_conformance
12/19 Test #12: step12_conformance ...............   Passed   46.61 sec
      Start 13: step13_conformance
13/19 Test #13: step13_conformance ...............   Passed    7.39 sec
      Start 14: step14_conformance
14/19 Test #14: step14_conformance ...............   Passed    0.35 sec
      Start 15: step15_conformance
15/19 Test #15: step15_conformance ...............   Passed    0.14 sec
      Start 16: step16_conformance
16/19 Test #16: step16_conformance ...............   Passed    0.59 sec
      Start 17: step17_conformance
17/19 Test #17: step17_conformance ...............   Passed    0.17 sec
      Start 18: step18_conformance
18/19 Test #18: step18_conformance ...............   Passed    0.27 sec
      Start 19: step19_conformance
19/19 Test #19: step19_conformance ...............***Failed    0.06 sec
FAIL: sc1 dual-path parity (line 40)
FAIL: sc2 claim parity (line 49)
FAIL: sc2 claim parity (line 49)
FAIL: sc2 claim parity (line 49)
FAIL: sc2 claim parity (line 49)
FAIL: sc2 p2 parity (line 53)
FAIL: sc2 challenge parity (line 54)
FAIL: sc2 p0 parity (line 51)
FAIL: sc2 p1 parity (line 52)
FAIL: sc2 p2 parity (line 53)
FAIL: sc2 challenge parity (line 54)
FAIL: sc2 p0 parity (line 51)
FAIL: sc2 p1 parity (line 52)
FAIL: sc2 p2 parity (line 53)
FAIL: sc2 challenge parity (line 54)
FAIL: sc2 p0 parity (line 51)
FAIL: sc2 p1 parity (line 52)
FAIL: sc2 p2 parity (line 53)
FAIL: sc2 challenge parity (line 54)
FAIL: sc2 final A parity (line 56)
FAIL: sc2 final B parity (line 57)
FAIL: sc2 verify ACCEPT (line 58)
FAIL: sc2 dual-path parity (line 60)
FAIL: sc2 final-tamper REJECTED @final (line 64)
FAIL: sc3 claim parity (line 71)
FAIL: sc3 claim parity (line 71)
FAIL: sc3 claim parity (line 71)
FAIL: sc3 challenge parity (line 72)
FAIL: sc3 challenge parity (line 72)
FAIL: sc3 challenge parity (line 72)
FAIL: sc3 verify ACCEPT (line 73)
FAIL: sc3 dual-path parity (line 75)

32 FAILURE(S)


95% tests passed, 1 tests failed out of 19

Total Test time (real) =  71.17 sec

The following tests FAILED:
	 19 - step19_conformance (Failed)
Errors while running CTest
cret-free)
[t10b] tampered sigma rejected (soundness)
[t10b] threshold t-of-n aggregate VERIFIED (partials + Lagrange -> e == e)
[t10b] generating pairing goldens...
[t10b] miller goldens x8 OK
[t10b] pairing goldens x4 OK
[t10b] BLS cases x4 (3 pass + 1 tamper) OK
[step10b][emit] pairing_golden.hpp (miller x8, pairings x4, BLS x4, threshold x1, e_1)
[emit] ./generated/consensus_golden.hpp  (C1 fin@150, C2 sus@50, winner=H, delay=376)
[step11] sim_beacon RETIRED from the golden path (DEC-200):
[step11] consensus_golden.hpp re-emitted with HSM_BEACON_V1 over the G7 committee
[t12] envelopes x4 encrypted (G2-plane KEM + Phase-0 DEM)
[t12] ordering lock: beacon-shuffled order=[0, 3, 2, 1] (REAL beacon, Step 11 chain)
[t12] shares x12 pairing identities + attestations x12 verified (oracle)
[t12] aggregate + decrypt roundtrip x4 OK (k matches, tag matches, payload recovered)
[t12] malformed share REJECTED by pairing identity (item 6)
[t12] wrong-order_root attestation REJECTED (order-bound)
[t12] tampered ciphertext REJECTED by DEM tag
[step12][emit] m2_golden.hpp (envelopes x4, order, shares x12, attestations x12, keys)
[t13] sigma_user x4 signed + pairing-verified (DEC-204)
[t13] forged sigma_user REJECTED (item 5 closed)
[t13] partials x2 subsets -> identical aggregate == [S]H (DEC-205)
[t13] beacon-from-partials == harness chain (cross-checked)
[t13] 2-of-5 partials REJECTED (t-threshold enforced)
[t13] cross-epoch replay REJECTED (item 4 explicit)
[step13][emit] m2prod_golden.hpp (user keys x4, sigma_user x4, partials x2 subsets, aggregates)
[t14] honest epoch folded: 5 entries (4 EXEC + 1 SKIP) + 1 PAD; final states verified
[t14] padding-neutrality: sans-PAD final digest IDENTICAL
[t14] chain dependency: different prev_digest -> different final
[t14] negatives: binding / nonce / insolvent-EXEC all REJECTED
[step14][emit] fold_golden.hpp (accounts, 6 entries, verdicts, digest chain, finals)
[t15] honest epoch: 24 constraints fired, ALL SATISFIED (binding+nonce+lt+debit+credit+skip_burn+pad)
[t15] adversarial binding: constraint 'binding' VIOLATED
[t15] adversarial nonce: constraint 'nonce' VIOLATED
[t15] adversarial lt_gate: constraint 'lt_gate' VIOLATED
[t15] adversarial lt_gate_exec: constraint 'lt_gate' VIOLATED
[t15] 4 adversarial traces: each VIOLATES exactly the named constraint
[t15] PC matrix: 4 valid transitions, 5 unsatisfiable (SAT-proof)
[step15][emit] ccs_golden.hpp (constraint counts, PC matrix proof)
[t16] succinctness: accumulator size = 41 bytes, CONSTANT across 7 entries
[t16] cross-epoch chain: epoch 1 -> epoch 2 (prev=32 bytes, both 41)
[t16] NIVC selector: 4 valid / 5 invalid transitions
[t16] 20-entry epoch: accumulator size STILL 41 bytes (O(1) in entry count)
[step16][emit] nivc_golden.hpp (acc size, epoch digests, counts)
[t17] phi2 ordering: order=[1, 2, 0, 3], order_root computed (real beacon)
[t17] phi5-7 fold: 5 entries processed, accumulator sealed (41B)
[t17] epoch chain: epoch 1 -> epoch 2 (cross-epoch via final digest)
[t17] succinctness: accumulator 41B through the FULL pipeline (M2 + fold)
[step17][emit] epoch_golden.hpp (order, order_root, epoch chain)
[t18] sampler deterministic: 2000 draws x2 runs IDENTICAL
[t18] weight-proportional: heavy=1623 light=377 (ratio 4.31, expected 4.00)
[t18] taxonomy: caps enforced P0=4KB P1=2KB P2=64KB P3=128KB; P3 pull-only; P3 cap == MAX_PROOF_BYTES
[t18] contact: AccountID=pk-bound; rebind blocked same-epoch, allowed E+1; transport-ID rotation keeps AccountID
[t18] EMA: 24h half-life = 499992/1e6 (want 500000); 48h recovery to core (874984); impulse bound 25000/h; thresholds classified
[step18][emit] g1_golden.hpp (sampler inputs, seeds x4, first-10 draws, 2000-draw histogram, taxonomy, account IDs x4, EMA trace)
[t19] sc1 (d=1, nv=4): 4 rounds ACCEPT; dual-path final == claim
[t19] sc2 (d=2, nv=4): 4 rounds ACCEPT; dual-path product == claim
[t19] sc3 (d=2, nv=3): 3 rounds ACCEPT; dual-path product == claim
[t19] negatives: claim-tamper REJECTED @0; eval-tamper REJECTED @1; final-tamper REJECTED @final
[step19][emit] sumcheck_golden.hpp (3 transcripts, arrays, INV2, dual-path pins)
[21/44] Building CXX object CMakeFiles/test_step18.dir/conformance/test_step18.cpp.o
[22/44] Building CXX object CMakeFiles/test_step2.dir/conformance/test_step2.cpp.o
[23/44] Building CXX object CMakeFiles/test_step3.dir/conformance/test_step3.cpp.o
[24/44] Linking CXX executable test_step2
[25/44] Linking CXX executable test_step3
[26/44] Linking CXX executable test_step18
[27/44] Building CXX object CMakeFiles/test_step4.dir/conformance/test_step4.cpp.o
[28/44] Building CXX object CMakeFiles/test_step15.dir/conformance/test_step15.cpp.o
[29/44] Building CXX object CMakeFiles/diag_step5.dir/conformance/diag_step5.cpp.o
[30/44] Linking CXX executable test_step15
[31/44] Building CXX object CMakeFiles/test_step14.dir/conformance/test_step14.cpp.o
[32/44] Linking CXX executable test_step4
[33/44] Linking CXX executable diag_step5
[34/44] Building CXX object CMakeFiles/test_step16.dir/conformance/test_step16.cpp.o
[35/44] Linking CXX executable test_step14
[36/44] Linking CXX executable test_step16
[37/44] Building CXX object CMakeFiles/test_step5.dir/conformance/test_step5.cpp.o
[38/44] Linking CXX executable test_step5
[39/44] Building CXX object CMakeFiles/test_step17.dir/conformance/test_step17.cpp.o
/data/data/com.termux/files/home/hsma/conformance/test_step17.cpp:83:42: warning: format specifies type 'unsigned int' but the argument has type 'std::uint64_t' (aka 'unsigned long') [-Wformat]
   83 |     printf("[dbg] count=%u golden=%u\n", result.acc.count, golden::G17F_COUNT);
      |                         ~~               ^~~~~~~~~~~~~~~~
      |                         %lu
/data/data/com.termux/files/home/hsma/conformance/test_step17.cpp:87:51: warning: format specifies type 'unsigned int' but the argument has type 'std::uint64_t' (aka 'unsigned long') [-Wformat]
   87 |                 "%u entries, 41B accumulator)\n", result.acc.count);
      |                  ~~                               ^~~~~~~~~~~~~~~~
      |                  %lu
2 warnings generated.
[40/44] Linking CXX executable test_step17
[41/44] Building CXX object CMakeFiles/diag_step6.dir/conformance/diag_step6.cpp.o
[42/44] Building CXX object CMakeFiles/test_step6.dir/conformance/test_step6.cpp.o
[43/44] Linking CXX executable diag_step6
[44/44] Linking CXX executable test_step6
