[1/1] Cleaning all built files...
Cleaning... 53 files.
[1/50] DEC-090: enforcing float-free numeric core
[lint] DEC-090 clean: numeric core is float-free.
[2/50] Building CXX object CM✗ HEADER COUNT: 28 != 27 (missing OR unregistered emission)
g CXX executable params_probe
[4/50] Building CXX object CMakeFiles/test_step22.dir/conformance/test_step22.cpp.o
FAILED: [code=1] CMakeFiles/test_step22.dir/conformance/test_step22.cpp.o 
/data/data/com.termux/files/usr/bin/c++  -I/data/data/com.termux/files/home/hsma/include -I/data/data/com.termux/files/home/hsma/build/generated -Os -DNDEBUG -std=c++20 -MD -MT CMakeFiles/test_step22.dir/conformance/test_step22.cpp.o -MF CMakeFiles/test_step22.dir/conformance/test_step22.cpp.o.d -o CMakeFiles/test_step22.dir/conformance/test_step22.cpp.o -c /data/data/com.termux/files/home/hsma/conformance/test_step22.cpp
In file included from /data/data/com.termux/files/home/hsma/conformance/test_step22.cpp:3:
/data/data/com.termux/files/home/hsma/include/hsma/lightclient.hpp:66:26: error: use of undeclared identifier 'g2'; did you mean 'threshold::g2'?
   66 |                    const g2::G2Pt& Y,
      |                          ^~
      |                          threshold::g2
/data/data/com.termux/files/home/hsma/include/hsma/threshold/g2.hpp:11:28: note: 'threshold::g2' declared here
   11 | namespace hsma::threshold::g2 {
      |                            ^
In file included from /data/data/com.termux/files/home/hsma/conformance/test_step22.cpp:3:
/data/data/com.termux/files/home/hsma/include/hsma/lightclient.hpp:75:11: error: use of undeclared identifier 'g1'; did you mean 'threshold::g1'?
   75 |     const g1::Pt Hh = hash_to_g1(pre, sizeof pre);
      |           ^~
      |           threshold::g1
/data/data/com.termux/files/home/hsma/include/hsma/threshold/g1.hpp:13:28: note: 'threshold::g1' declared here
   13 | namespace hsma::threshold::g1 {
      |                            ^
In file included from /data/data/com.termux/files/home/hsma/conformance/test_step22.cpp:3:
/data/data/com.termux/files/home/hsma/include/hsma/lightclient.hpp:75:23: error: use of undeclared identifier 'hash_to_g1'; did you mean 'threshold::hash_to_g1'?
   75 |     const g1::Pt Hh = hash_to_g1(pre, sizeof pre);
      |                       ^~~~~~~~~~
      |                       threshold::hash_to_g1
/data/data/com.termux/files/home/hsma/include/hsma/threshold/h2g1.hpp:15:15: note: 'threshold::hash_to_g1' declared here
   15 | inline g1::Pt hash_to_g1(const std::uint8_t* m, std::size_t n) {
      |               ^
In file included from /data/data/com.termux/files/home/hsma/conformance/test_step22.cpp:3:
/data/data/com.termux/files/home/hsma/include/hsma/lightclient.hpp:77:10: error: use of undeclared identifier 'g1'; did you mean 'threshold::g1'?
   77 |     if (!g1::to_affine(Hh, hx, hy)) return false;
      |          ^~
      |          threshold::g1
/data/data/com.termux/files/home/hsma/include/hsma/threshold/g1.hpp:13:28: note: 'threshold::g1' declared here
   13 | namespace hsma::threshold::g1 {
      |                            ^
In file included from /data/data/com.termux/files/home/hsma/conformance/test_step22.cpp:3:
/data/data/com.termux/files/home/hsma/include/hsma/lightclient.hpp:78:12: error: use of undeclared identifier 'bls_verify_aff'; did you mean 'threshold::bls_verify_aff'?
   78 |     return bls_verify_aff(sigx, sigy, hx, hy, Y);
      |            ^~~~~~~~~~~~~~
      |            threshold::bls_verify_aff
/data/data/com.termux/files/home/hsma/include/hsma/threshold/pairing.hpp:81:13: note: 'threshold::bls_verify_aff' declared here
   81 | inline bool bls_verify_aff(const std::uint64_t sx[6], const std::uint64_t sy[6],
      |             ^
/data/data/com.termux/files/home/hsma/conformance/test_step22.cpp:22:11: error: use of undeclared identifier 'g2'; did you mean 'hsma::threshold::g2'?
   22 |     const g2::G2Pt Y = g2::from_affine(golden::G22H_Y[0], golden::G22H_Y[1],
      |           ^~
      |           hsma::threshold::g2
/data/data/com.termux/files/home/hsma/include/hsma/threshold/g2.hpp:11:28: note: 'hsma::threshold::g2' declared here
   11 | namespace hsma::threshold::g2 {
      |                            ^
/data/data/com.termux/files/home/hsma/conformance/test_step22.cpp:22:24: error: use of undeclared identifier 'g2'; did you mean 'hsma::threshold::g2'?
   22 |     const g2::G2Pt Y = g2::from_affine(golden::G22H_Y[0], golden::G22H_Y[1],
      |                        ^~
      |                        hsma::threshold::g2
/data/data/com.termux/files/home/hsma/include/hsma/threshold/g2.hpp:11:28: note: 'hsma::threshold::g2' declared here
   11 | namespace hsma::threshold::g2 {
      |                            ^
7 errors generated.
[5/50] Building CXX object CMakeFiles/test_step8.dir/conformance/test_step8.cpp.o
[6/50] Building CXX object CMakeFiles/test_step7.dir/conformance/test_step7.cpp.o
[7/50] Building CXX object CMakeFiles/test_step10b.dir/conformance/test_step10b.cpp.o
[8/50] Building CXX object CMakeFiles/test_step10.dir/conformance/test_step10.cpp.o
[9/50] Building CXX object CMakeFiles/test_step9.dir/conformance/test_step9.cpp.o
[10/50] Building CXX object CMakeFiles/test_step12.dir/conformance/test_step12.cpp.o
[11/50] Building CXX object CMakeFiles/test_step13.dir/conformance/test_step13.cpp.o
[12/50] [gen] deriving Montgomery constants + golden vectors (DEC-102)
[validate] pallas: prime ✓  bits=255  2-adicity=32  log2(p)=254.000000000000
[emit] /data/data/com.termux/files/home/hsma/build/generated/pallas_params_gen.hpp
[flags] -DHSMA_PALLAS_N0=0x8c46eb20ffffffff -DHSMA_PALLAS_P_HI=0x4000000000000000
[validate] vesta: prime ✓  bits=255  2-adicity=32  log2(p)=254.000000000000
[emit] /data/data/com.termux/files/home/hsma/build/generated/vesta_params_gen.hpp
[flags] -DHSMA_VESTA_N0=0x992d30ecffffffff -DHSMA_VESTA_P_HI=0x4000000000000000
[emit] /data/data/com.termux/files/home/hsma/build/generated/field_golden.hpp (2472 cases)
[emit] /data/data/com.termux/files/home/hsma/build/generated/rnte_golden.hpp (32 cases)
[poseidon] MDS proven (all minors nonsingular); 80 RCs derived
[emit] /data/data/com.termux/files/home/hsma/build/generated/poseidon_params_gen.hpp
[emit] /data/data/com.termux/files/home/hsma/build/generated/domain_registry_gen.hpp
[emit] /data/data/com.termux/files/home/hsma/build/generated/poseidon_golden.hpp
[emit] /data/data/com.termux/files/home/hsma/build/generated/smt_golden.hpp  (roots A/AB/A1/TX anchored, proof fold verified)
[emit] /data/data/com.termux/files/home/hsma/build/generated/consensus_golden.hpp  (C1 fin@150, C2 sus@50, winner=H, delay=22)
[done] all constants derived, validated, emitted.
[step7][prov] kernel parameter x = 0x8508c00000000001 (identity x^4 - x^2 + 1 == r)
[validate] bls-r: matches documented r, MR-52 prime, bits=253, 2-adicity(r-1)=47, inv0=OK
[step7][emit] bls_params_gen.hpp
[step7][emit] threshold_golden.hpp (64 pairs, DKG n=5/t=3, tamper divergence asserted)
[t8] params OK
[t8] ks drawn (r-limit draws healthy)
[t8] bls_q_params_gen.hpp written
[t8] bls_curve_golden.hpp written
[validate] bls-q: MR-52 prime, 377 bits, ancestry OK, 2adic(q-1)=46
[step8][emit] bls_q_params_gen.hpp (q, mont consts, GEN)
[step8][emit] bls_curve_golden.hpp (48 fq pairs, 4+4+4 triples, 8 tonelli)
[t9] params OK
[t9] h2g1 x4 OK (on-curve, [r]H=inf oracle-checked)
[t9] DKG n=5/t=3 OK (commitments, 25/25 share equations, PK)
[t9] threshold sigs x3 OK (law sigma == [S]H oracle-checked)
[t9] beacon chain x4 OK (threshold-signed, SHA-256 digested)
[step9][emit] threshold_sig_golden.hpp (h2g1 x4, DKG n=5/t=3 + PK, sigs x3, beacon x4)
[t10] beta=5 h2=2^502 b2=(5,1)
[t10] F_q2 pairs x32 OK
[t10] E' triples x4+4+4 OK
[t10] G2 generator: [h2]P ok, [r]G2=inf verified
[validate] twist: beta=5, b2=(5,1), h2 bits=502
[step10][emit] bls_g2_params_gen.hpp (beta, b2, h2, G2 generator)
[step10][emit] g2_curve_golden.hpp (32 fq2 pairs, 4+4+4 E' triples)
[t10b] tower: gamma=(5,1), delta=v (w²=v, w⁶=γ)
[t10b] w⁶ = γ verified
[t10b] twist map: ψ(Q) on E verified
[t10b] non-degenerate: e(G1, G2) != 1
[t10b] bilinearity verified: e([2]P,[3]Q) == e(P,Q)⁶
[t10b] BLS LAW VERIFIED: e([S]H, G2gen) == e(H, [S]G2gen)  (secret-free)
[t10b] tampered sigma rejected (soundness)
[t10b] threshold t-of-n aggregate VERIFIED (partials + Lagrange -> e == e)
[t10b] generating pairing goldens...
[t10b] miller goldens x8 OK
[t10b] pairing goldens x4 OK
[t10b] BLS cases x4 (3 pass + 1 tamper) OK
[step10b][emit] pairing_golden.hpp (miller x8, pairings x4, BLS x4, threshold x1, e_1)
[emit] ./generated/consensus_golden.hpp  (C1 fin@150, C2 sus@50, winner=H, delay=376)
[step11] sim_beacon RETIRED from the golden path (DEC-200):
[step11] consensus_golden.hpp re-emitted with HSM_BEACON_V1 over the G7 committee
[t12] envelopes x4 encrypted (G2-plane KEM + Phase-0 DEM)
[t12] ordering lock: beacon-shuffled order=[0, 3, 2, 1] (REAL beacon, Step 11 chain)
[t12] shares x12 pairing identities + attestations x12 verified (oracle)
[t12] aggregate + decrypt roundtrip x4 OK (k matches, tag matches, payload recovered)
[t12] malformed share REJECTED by pairing identity (item 6)
[t12] wrong-order_root attestation REJECTED (order-bound)
[t12] tampered ciphertext REJECTED by DEM tag
[step12][emit] m2_golden.hpp (envelopes x4, order, shares x12, attestations x12, keys)
[t13] sigma_user x4 signed + pairing-verified (DEC-204)
[t13] forged sigma_user REJECTED (item 5 closed)
[t13] partials x2 subsets -> identical aggregate == [S]H (DEC-205)
[t13] beacon-from-partials == harness chain (cross-checked)
[t13] 2-of-5 partials REJECTED (t-threshold enforced)
[t13] cross-epoch replay REJECTED (item 4 explicit)
[step13][emit] m2prod_golden.hpp (user keys x4, sigma_user x4, partials x2 subsets, aggregates)
[t14] honest epoch folded: 5 entries (4 EXEC + 1 SKIP) + 1 PAD; final states verified
[t14] padding-neutrality: sans-PAD final digest IDENTICAL
[t14] chain dependency: different prev_digest -> different final
[t14] negatives: binding / nonce / insolvent-EXEC all REJECTED
[step14][emit] fold_golden.hpp (accounts, 6 entries, verdicts, digest chain, finals)
[t15] honest epoch: 24 constraints fired, ALL SATISFIED (binding+nonce+lt+debit+credit+skip_burn+pad)
[t15] adversarial binding: constraint 'binding' VIOLATED
[t15] adversarial nonce: constraint 'nonce' VIOLATED
[t15] adversarial lt_gate: constraint 'lt_gate' VIOLATED
[t15] adversarial lt_gate_exec: constraint 'lt_gate' VIOLATED
[t15] 4 adversarial traces: each VIOLATES exactly the named constraint
[t15] PC matrix: 4 valid transitions, 5 unsatisfiable (SAT-proof)
[step15][emit] ccs_golden.hpp (constraint counts, PC matrix proof)
[t16] succinctness: accumulator size = 41 bytes, CONSTANT across 7 entries
[t16] cross-epoch chain: epoch 1 -> epoch 2 (prev=32 bytes, both 41)
[t16] NIVC selector: 4 valid / 5 invalid transitions
[t16] 20-entry epoch: accumulator size STILL 41 bytes (O(1) in entry count)
[step16][emit] nivc_golden.hpp (acc size, epoch digests, counts)
[t17] phi2 ordering: order=[1, 2, 0, 3], order_root computed (real beacon)
[t17] phi5-7 fold: 5 entries processed, accumulator sealed (41B)
[t17] epoch chain: epoch 1 -> epoch 2 (cross-epoch via final digest)
[t17] succinctness: accumulator 41B through the FULL pipeline (M2 + fold)
[step17][emit] epoch_golden.hpp (order, order_root, epoch chain)
[t18] sampler deterministic: 2000 draws x2 runs IDENTICAL
[t18] weight-proportional: heavy=1623 light=377 (ratio 4.31, expected 4.00)
[t18] taxonomy: caps enforced P0=4KB P1=2KB P2=64KB P3=128KB; P3 pull-only; P3 cap == MAX_PROOF_BYTES
[t18] contact: AccountID=pk-bound; rebind blocked same-epoch, allowed E+1; transport-ID rotation keeps AccountID
[t18] EMA: 24h half-life = 499992/1e6 (want 500000); 48h recovery to core (874984); impulse bound 25000/h; thresholds classified
[step18][emit] g1_golden.hpp (sampler inputs, seeds x4, first-10 draws, 2000-draw histogram, taxonomy, account IDs x4, EMA trace)
[t19] sc1 (d=1, nv=4): 4 rounds ACCEPT; dual-path final == claim
[t19] sc2 (d=2, nv=4): 4 rounds ACCEPT; dual-path product == claim
[t19] sc3 (d=2, nv=3): 3 rounds ACCEPT; dual-path product == claim
[t19] negatives: claim-tamper REJECTED @0; eval-tamper REJECTED @1; final-tamper REJECTED @final
[step19][emit] sumcheck_golden.hpp (3 transcripts, arrays, INV2, dual-path pins)
[t20] commit parity: C == sponge(evals) x3; binding (A vs A+B, single-elem tamper); determinism
[t20] points: r_i = P3(SC, C, i) x11 total; derivation deterministic
[t20] open d=1 nv=4: ACCEPT; v == f(r) dual-path pinned
[t20] open d=2 nv=4 + d=2 nv=3: ACCEPT; v == f(r)*h(r) dual-path pinned
[t20] negatives: v-tamper REJECTED @final; eval-tamper REJECTED @1; claim-tamper REJECTED @0
[step20][emit] pcs_golden.hpp (3 instances, commits, points, openings, INV2, dual-path pins)
[t21] instances: 3 strict constructed (z_i in {0, C/(AB)}), all satisfy u=1 E=0
[t21] fold1 (strict+strict): r pinned, E=rT, satisfies EXACTLY
[t21] fold2 (relaxed+strict): chain depth 2, satisfies EXACTLY; u accumulates
[t21] determinism: re-fold -> r/z/E byte-identical
[t21] negatives: tampered-T REJECTED @elem 3; tampered-r still satisfying (validity is r-polynomial - binding lives in the pinned transcript golden)
[step21][emit] nifs_golden.hpp (3 instances, 2 chained folds, r/u/z/E/T pins, commitments)
[t22] headers x2: heights 100/101, fold-chained digests, REAL beacon chain (53-B preimages)
[t22] certs x2: G7 threshold sigma over HSM_CERT_v1 preimages (123 B) — one committee, five pillars
[t22] light-client verify x2 ACCEPT: e(sigma, G2gen) == e(H(pre), Y) — ONE pairing per header
[t22] chain continuity: digest_E1 == F_head(digest_E0, decree_E1) — verified
[t22] negatives: tampered-height / chain-break / stale-beacon / genesis-sync-all REJECTED
[step22][emit] cert_golden.hpp (headers, sigmas 96-B, H pins, Y, G2gen, chain)
ninja: build stopped: subcommand failed.
