[1/1] Cleaning all built files...
Cleaning... 59 files.
[1/54] DEC-090: enforcing float-free numeric core
[lint] DEC-090 clean: numeric core is float-free.
[2/54] Building CXX object CM   all 31 generated headers present (each named + counted)
── [3/4] diagnostics ────────────────────────────
SEED: fault=0 allocs=66
LOOKUP: OK  bal=1000 nonce=0
TLEAF tag=2 (want 2)
REC   tag=3 (want 3)  
STORED  = 0x1c3cfad21077198c52c65724b158b408503a1e628d072c010f106554f4f23f9b
VERDICT: canonical-at-rest (DEC-123 held)
DIAG6:SAMPLE-DETERMINISTIC OK
DIAG6:CONTEXT-BINDING LIVE
DIAG6:QUORUM-PATH LIVE (kind=2)
DIAG6:BREAKER-DETERMINISTIC OK delay=98
DIAG6:VERDICT ALL-OK
   authentic + healthy
── [4/4] conformance suite ──────────────────────
Test project /data/data/com.termux/files/home/hsma/build
      Start  1: contract_identity
 1/24 Test  #1: contract_identity ................   Passed    0.03 sec
      Start  2: step2_conformance
 2/24 Test  #2: step2_conformance ................   Passed    0.04 sec
      Start  3: step3_conformance
 3/24 Test  #3: step3_conformance ................   Passed    0.03 sec
      Start  4: step4_conformance
 4/24 Test  #4: step4_conformance ................   Passed    0.11 sec
      Start  5: step5_conformance
 5/24 Test  #5: step5_conformance ................   Passed    0.14 sec
      Start  6: step6_conformance
 6/24 Test  #6: step6_conformance ................   Passed    0.19 sec
      Start  7: step7_conformance
 7/24 Test  #7: step7_conformance ................   Passed    0.04 sec
      Start  8: step8_conformance
 8/24 Test  #8: step8_conformance ................   Passed    0.08 sec
      Start  9: step9_conformance
 9/24 Test  #9: step9_conformance ................   Passed    0.19 sec
      Start 10: step10_conformance
10/24 Test #10: step10_conformance ...............   Passed    0.09 sec
      Start 11: step10b_conformance
11/24 Test #11: step10b_conformance ..............   Passed   15.08 sec
      Start 12: step12_conformance
12/24 Test #12: step12_conformance ...............   Passed   45.46 sec
      Start 13: step13_conformance
13/24 Test #13: step13_conformance ...............   Passed    7.75 sec
      Start 14: step14_conformance
14/24 Test #14: step14_conformance ...............   Passed    0.31 sec
      Start 15: step15_conformance
15/24 Test #15: step15_conformance ...............   Passed    0.15 sec
      Start 16: step16_conformance
16/24 Test #16: step16_conformance ...............   Passed    0.60 sec
      Start 17: step17_conformance
17/24 Test #17: step17_conformance ...............   Passed    0.18 sec
      Start 18: step18_conformance
18/24 Test #18: step18_conformance ...............   Passed    0.24 sec
      Start 19: step19_conformance
19/24 Test #19: step19_conformance ...............   Passed    0.07 sec
      Start 20: step20_conformance
20/24 Test #20: step20_conformance ...............   Passed    0.06 sec
      Start 21: step21_conformance
21/24 Test #21: step21_conformance ...............   Passed    0.05 sec
      Start 22: step22_conformance
22/24 Test #22: step22_conformance ...............   Passed    6.08 sec
      Start 23: step23_conformance
23/24 Test #23: step23_conformance ...............   Passed   21.42 sec
      Start 24: step24_conformance
24/24 Test #24: step24_conformance ...............***Failed    0.09 sec
FAIL: sum parity (line 34)
FAIL: diff parity (line 35)
FAIL: prod parity (line 36)
FAIL: sum parity (line 34)
FAIL: diff parity (line 35)
FAIL: prod parity (line 36)
FAIL: sum parity (line 34)
FAIL: diff parity (line 35)
FAIL: prod parity (line 36)
FAIL: sum parity (line 34)
FAIL: diff parity (line 35)
FAIL: prod parity (line 36)
FAIL: sum parity (line 34)
FAIL: diff parity (line 35)
FAIL: prod parity (line 36)
FAIL: sum parity (line 34)
FAIL: diff parity (line 35)
FAIL: prod parity (line 36)
FAIL: sum parity (line 34)
FAIL: diff parity (line 35)
FAIL: prod parity (line 36)
FAIL: sum parity (line 34)
FAIL: diff parity (line 35)
FAIL: prod parity (line 36)
FAIL: sum parity (line 34)
FAIL: diff parity (line 35)
FAIL: prod parity (line 36)
FAIL: sum parity (line 34)
FAIL: diff parity (line 35)
FAIL: prod parity (line 36)
FAIL: sum parity (line 34)
FAIL: diff parity (line 35)
FAIL: prod parity (line 36)
FAIL: sum parity (line 34)
FAIL: diff parity (line 35)
FAIL: prod parity (line 36)
FAIL: sum parity (line 34)
FAIL: diff parity (line 35)
FAIL: prod parity (line 36)
FAIL: sum parity (line 34)
FAIL: diff parity (line 35)
FAIL: prod parity (line 36)
FAIL: sum parity (line 34)
FAIL: diff parity (line 35)
FAIL: prod parity (line 36)
FAIL: sum parity (line 34)
FAIL: diff parity (line 35)
FAIL: prod parity (line 36)
FAIL: sum parity (line 34)
FAIL: diff parity (line 35)
FAIL: prod parity (line 36)
FAIL: sum parity (line 34)
FAIL: diff parity (line 35)
FAIL: prod parity (line 36)
FAIL: sum parity (line 34)
FAIL: diff parity (line 35)
FAIL: prod parity (line 36)
FAIL: sum parity (line 34)
FAIL: diff parity (line 35)
FAIL: prod parity (line 36)
FAIL: sum parity (line 34)
FAIL: diff parity (line 35)
FAIL: prod parity (line 36)
FAIL: sum parity (line 34)
FAIL: diff parity (line 35)
FAIL: prod parity (line 36)
FAIL: sum parity (line 34)
FAIL: diff parity (line 35)
FAIL: prod parity (line 36)
FAIL: sum parity (line 34)
FAIL: diff parity (line 35)
FAIL: prod parity (line 36)
FAIL: sum parity (line 34)
FAIL: diff parity (line 35)
FAIL: prod parity (line 36)
FAIL: sum parity (line 34)
FAIL: diff parity (line 35)
FAIL: prod parity (line 36)
FAIL: sum parity (line 34)
FAIL: diff parity (line 35)
FAIL: prod parity (line 36)
FAIL: sum parity (line 34)
FAIL: diff parity (line 35)
FAIL: prod parity (line 36)
FAIL: sum parity (line 34)
FAIL: diff parity (line 35)
FAIL: prod parity (line 36)
FAIL: sum parity (line 34)
FAIL: diff parity (line 35)
FAIL: prod parity (line 36)
FAIL: sum parity (line 34)
FAIL: diff parity (line 35)
FAIL: prod parity (line 36)
FAIL: sum parity (line 34)
FAIL: diff parity (line 35)
FAIL: prod parity (line 36)
FAIL: sum parity (line 34)
FAIL: diff parity (line 35)
FAIL: prod parity (line 36)
FAIL: sum parity (line 34)
FAIL: diff parity (line 35)
FAIL: prod parity (line 36)
FAIL: sum parity (line 34)
FAIL: diff parity (line 35)
FAIL: prod parity (line 36)
FAIL: sum parity (line 34)
FAIL: diff parity (line 35)
FAIL: prod parity (line 36)
FAIL: sum parity (line 34)
FAIL: diff parity (line 35)
FAIL: prod parity (line 36)
FAIL: sum parity (line 34)
FAIL: diff parity (line 35)
FAIL: prod parity (line 36)
FAIL: sum parity (line 34)
FAIL: diff parity (line 35)
FAIL: prod parity (line 36)
FAIL: sum parity (line 34)
FAIL: diff parity (line 35)
FAIL: prod parity (line 36)
FAIL: sum parity (line 34)
FAIL: diff parity (line 35)
FAIL: prod parity (line 36)
FAIL: sum parity (line 34)
FAIL: diff parity (line 35)
FAIL: prod parity (line 36)
FAIL: sum parity (line 34)
FAIL: diff parity (line 35)
FAIL: prod parity (line 36)
FAIL: sum parity (line 34)
FAIL: diff parity (line 35)
FAIL: prod parity (line 36)
FAIL: sum parity (line 34)
FAIL: diff parity (line 35)
FAIL: prod parity (line 36)
FAIL: sum parity (line 34)
FAIL: diff parity (line 35)
FAIL: prod parity (line 36)
FAIL: sum parity (line 34)
FAIL: diff parity (line 35)
FAIL: prod parity (line 36)
FAIL: sum parity (line 34)
FAIL: diff parity (line 35)
FAIL: prod parity (line 36)
FAIL: sum parity (line 34)
FAIL: diff parity (line 35)
FAIL: prod parity (line 36)
FAIL: sum parity (line 34)
FAIL: diff parity (line 35)
FAIL: prod parity (line 36)
FAIL: sum parity (line 34)
FAIL: diff parity (line 35)
FAIL: prod parity (line 36)
FAIL: sum parity (line 34)
FAIL: diff parity (line 35)
FAIL: prod parity (line 36)
FAIL: sum parity (line 34)
FAIL: diff parity (line 35)
FAIL: prod parity (line 36)
FAIL: sum parity (line 34)
FAIL: diff parity (line 35)
FAIL: prod parity (line 36)
FAIL: sum parity (line 34)
FAIL: diff parity (line 35)
FAIL: prod parity (line 36)
FAIL: sum parity (line 34)
FAIL: diff parity (line 35)
FAIL: prod parity (line 36)
FAIL: sum parity (line 34)
FAIL: diff parity (line 35)
FAIL: prod parity (line 36)
FAIL: sum parity (line 34)
FAIL: diff parity (line 35)
FAIL: prod parity (line 36)
FAIL: sum parity (line 34)
FAIL: diff parity (line 35)
FAIL: prod parity (line 36)
FAIL: sum parity (line 34)
FAIL: diff parity (line 35)
FAIL: prod parity (line 36)
FAIL: sum parity (line 34)
FAIL: diff parity (line 35)
FAIL: prod parity (line 36)
FAIL: sum parity (line 34)
FAIL: diff parity (line 35)
FAIL: prod parity (line 36)
FAIL: sum parity (line 34)
FAIL: diff parity (line 35)
FAIL: prod parity (line 36)
FAIL: sum parity (line 34)
FAIL: diff parity (line 35)
FAIL: prod parity (line 36)
FAIL: sum parity (line 34)
FAIL: diff parity (line 35)
FAIL: prod parity (line 36)
FAIL: sum parity (line 34)
FAIL: diff parity (line 35)
FAIL: prod parity (line 36)
FAIL: sum parity (line 34)
FAIL: diff parity (line 35)
FAIL: prod parity (line 36)
FAIL: sum parity (line 34)
FAIL: diff parity (line 35)
FAIL: prod parity (line 36)
FAIL: sum parity (line 34)
FAIL: diff parity (line 35)
FAIL: prod parity (line 36)
FAIL: sum parity (line 34)
FAIL: diff parity (line 35)
FAIL: prod parity (line 36)
FAIL: sum parity (line 34)
FAIL: diff parity (line 35)
FAIL: prod parity (line 36)
FAIL: sum parity (line 34)
FAIL: diff parity (line 35)
FAIL: prod parity (line 36)
FAIL: sum parity (line 34)
FAIL: diff parity (line 35)
FAIL: prod parity (line 36)
FAIL: sum parity (line 34)
FAIL: diff parity (line 35)
FAIL: prod parity (line 36)
FAIL: sum parity (line 34)
FAIL: diff parity (line 35)
FAIL: prod parity (line 36)
FAIL: sum parity (line 34)
FAIL: diff parity (line 35)
FAIL: prod parity (line 36)
FAIL: sum parity (line 34)
FAIL: diff parity (line 35)
FAIL: prod parity (line 36)
FAIL: sum parity (line 34)
FAIL: diff parity (line 35)
FAIL: prod parity (line 36)
FAIL: sum parity (line 34)
FAIL: diff parity (line 35)
FAIL: prod parity (line 36)
FAIL: sum parity (line 34)
FAIL: diff parity (line 35)
FAIL: prod parity (line 36)
FAIL: sum parity (line 34)
FAIL: diff parity (line 35)
FAIL: prod parity (line 36)
FAIL: sum parity (line 34)
FAIL: diff parity (line 35)
FAIL: prod parity (line 36)
FAIL: sum parity (line 34)
FAIL: diff parity (line 35)
FAIL: prod parity (line 36)
FAIL: sum parity (line 34)
FAIL: diff parity (line 35)
FAIL: prod parity (line 36)
FAIL: sum parity (line 34)
FAIL: diff parity (line 35)
FAIL: prod parity (line 36)
FAIL: sum parity (line 34)
FAIL: diff parity (line 35)
FAIL: prod parity (line 36)
FAIL: sum parity (line 34)
FAIL: diff parity (line 35)
FAIL: prod parity (line 36)
FAIL: sum parity (line 34)
FAIL: diff parity (line 35)
FAIL: prod parity (line 36)
FAIL: sum parity (line 34)
FAIL: diff parity (line 35)
FAIL: prod parity (line 36)
FAIL: sum parity (line 34)
FAIL: diff parity (line 35)
FAIL: prod parity (line 36)
FAIL: sum parity (line 34)
FAIL: diff parity (line 35)
FAIL: prod parity (line 36)
FAIL: sum parity (line 34)
FAIL: diff parity (line 35)
FAIL: prod parity (line 36)
FAIL: sum parity (line 34)
FAIL: diff parity (line 35)
FAIL: prod parity (line 36)
FAIL: sum parity (line 34)
FAIL: diff parity (line 35)
FAIL: prod parity (line 36)
FAIL: sum parity (line 34)
FAIL: diff parity (line 35)
FAIL: prod parity (line 36)
FAIL: sum parity (line 34)
FAIL: diff parity (line 35)
FAIL: prod parity (line 36)
FAIL: sum parity (line 34)
FAIL: diff parity (line 35)
FAIL: prod parity (line 36)
FAIL: sum parity (line 34)
FAIL: diff parity (line 35)
FAIL: prod parity (line 36)
FAIL: sum parity (line 34)
FAIL: diff parity (line 35)
FAIL: prod parity (line 36)
FAIL: sum parity (line 34)
FAIL: diff parity (line 35)
FAIL: prod parity (line 36)
FAIL: sum parity (line 34)
FAIL: diff parity (line 35)
FAIL: prod parity (line 36)
FAIL: sum parity (line 34)
FAIL: diff parity (line 35)
FAIL: prod parity (line 36)
FAIL: sum parity (line 34)
FAIL: diff parity (line 35)
FAIL: prod parity (line 36)
FAIL: sum parity (line 34)
FAIL: diff parity (line 35)
FAIL: prod parity (line 36)
FAIL: sum parity (line 34)
FAIL: diff parity (line 35)
FAIL: prod parity (line 36)
FAIL: sum parity (line 34)
FAIL: diff parity (line 35)
FAIL: prod parity (line 36)
FAIL: sum parity (line 34)
FAIL: diff parity (line 35)
FAIL: prod parity (line 36)
FAIL: sum parity (line 34)
FAIL: diff parity (line 35)
FAIL: prod parity (line 36)
FAIL: sum parity (line 34)
FAIL: diff parity (line 35)
FAIL: prod parity (line 36)
FAIL: sum parity (line 34)
FAIL: diff parity (line 35)
FAIL: prod parity (line 36)
FAIL: sum parity (line 34)
FAIL: diff parity (line 35)
FAIL: prod parity (line 36)
FAIL: sum parity (line 34)
FAIL: diff parity (line 35)
FAIL: prod parity (line 36)
FAIL: sum parity (line 34)
FAIL: diff parity (line 35)
FAIL: prod parity (line 36)
FAIL: sum parity (line 34)
FAIL: diff parity (line 35)
FAIL: prod parity (line 36)
FAIL: sum parity (line 34)
FAIL: diff parity (line 35)
FAIL: prod parity (line 36)
FAIL: sum parity (line 34)
FAIL: diff parity (line 35)
FAIL: prod parity (line 36)
FAIL: sum parity (line 34)
FAIL: diff parity (line 35)
FAIL: prod parity (line 36)
FAIL: sum parity (line 34)
FAIL: diff parity (line 35)
FAIL: prod parity (line 36)
FAIL: sum parity (line 34)
FAIL: diff parity (line 35)
FAIL: prod parity (line 36)
FAIL: sum parity (line 34)
FAIL: diff parity (line 35)
FAIL: prod parity (line 36)
FAIL: sum parity (line 34)
FAIL: diff parity (line 35)
FAIL: prod parity (line 36)
FAIL: sum parity (line 34)
FAIL: diff parity (line 35)
FAIL: prod parity (line 36)
FAIL: sum parity (line 34)
FAIL: diff parity (line 35)
FAIL: prod parity (line 36)
FAIL: sum parity (line 34)
FAIL: diff parity (line 35)
FAIL: prod parity (line 36)
FAIL: sum parity (line 34)
FAIL: diff parity (line 35)
FAIL: prod parity (line 36)
FAIL: sum parity (line 34)
FAIL: diff parity (line 35)
FAIL: prod parity (line 36)
FAIL: sum parity (line 34)
FAIL: diff parity (line 35)
FAIL: prod parity (line 36)
FAIL: sum parity (line 34)
FAIL: diff parity (line 35)
FAIL: prod parity (line 36)
FAIL: sum parity (line 34)
FAIL: diff parity (line 35)
FAIL: prod parity (line 36)
FAIL: sum parity (line 34)
FAIL: diff parity (line 35)
FAIL: prod parity (line 36)
FAIL: sum parity (line 34)
FAIL: diff parity (line 35)
FAIL: prod parity (line 36)
FAIL: sum parity (line 34)
FAIL: diff parity (line 35)
FAIL: prod parity (line 36)
FAIL: sum parity (line 34)
FAIL: diff parity (line 35)
FAIL: prod parity (line 36)
FAIL: sum parity (line 34)
FAIL: diff parity (line 35)
FAIL: prod parity (line 36)
FAIL: sum parity (line 34)
FAIL: diff parity (line 35)
FAIL: prod parity (line 36)
FAIL: sum parity (line 34)
FAIL: diff parity (line 35)
FAIL: prod parity (line 36)
FAIL: sum parity (line 34)
FAIL: diff parity (line 35)
FAIL: prod parity (line 36)
FAIL: sum parity (line 34)
FAIL: diff parity (line 35)
FAIL: prod parity (line 36)
FAIL: sum parity (line 34)
FAIL: diff parity (line 35)
FAIL: prod parity (line 36)
FAIL: sum parity (line 34)
FAIL: diff parity (line 35)
FAIL: prod parity (line 36)
FAIL: sum parity (line 34)
FAIL: diff parity (line 35)
FAIL: prod parity (line 36)
FAIL: sum parity (line 34)
FAIL: diff parity (line 35)
FAIL: prod parity (line 36)
FAIL: sum parity (line 34)
FAIL: diff parity (line 35)
FAIL: prod parity (line 36)
FAIL: sum parity (line 34)
FAIL: diff parity (line 35)
FAIL: prod parity (line 36)
FAIL: sum parity (line 34)
FAIL: diff parity (line 35)
FAIL: prod parity (line 36)
FAIL: sum parity (line 34)
FAIL: diff parity (line 35)
FAIL: prod parity (line 36)
FAIL: sum parity (line 34)
FAIL: diff parity (line 35)
FAIL: prod parity (line 36)
FAIL: sum parity (line 34)
FAIL: diff parity (line 35)
FAIL: prod parity (line 36)
FAIL: sum parity (line 34)
FAIL: diff parity (line 35)
FAIL: prod parity (line 36)
FAIL: sum parity (line 34)
FAIL: diff parity (line 35)
FAIL: prod parity (line 36)
FAIL: sum parity (line 34)
FAIL: diff parity (line 35)
FAIL: prod parity (line 36)
FAIL: sum parity (line 34)
FAIL: diff parity (line 35)
FAIL: prod parity (line 36)
FAIL: sum parity (line 34)
FAIL: diff parity (line 35)
FAIL: prod parity (line 36)
FAIL: sum parity (line 34)
FAIL: diff parity (line 35)
FAIL: prod parity (line 36)
FAIL: sum parity (line 34)
FAIL: diff parity (line 35)
FAIL: prod parity (line 36)
FAIL: sum parity (line 34)
FAIL: diff parity (line 35)
FAIL: prod parity (line 36)
FAIL: sum parity (line 34)
FAIL: diff parity (line 35)
FAIL: prod parity (line 36)
FAIL: sum parity (line 34)
FAIL: diff parity (line 35)
FAIL: prod parity (line 36)
FAIL: sum parity (line 34)
FAIL: diff parity (line 35)
FAIL: prod parity (line 36)
FAIL: sum parity (line 34)
FAIL: diff parity (line 35)
FAIL: prod parity (line 36)
FAIL: sum parity (line 34)
FAIL: diff parity (line 35)
FAIL: prod parity (line 36)
FAIL: sum parity (line 34)
FAIL: diff parity (line 35)
FAIL: prod parity (line 36)
FAIL: sum parity (line 34)
FAIL: diff parity (line 35)
FAIL: prod parity (line 36)
FAIL: sum parity (line 34)
FAIL: diff parity (line 35)
FAIL: prod parity (line 36)
FAIL: sum parity (line 34)
FAIL: diff parity (line 35)
FAIL: prod parity (line 36)
FAIL: sum parity (line 34)
FAIL: diff parity (line 35)
FAIL: prod parity (line 36)
FAIL: sum parity (line 34)
FAIL: diff parity (line 35)
FAIL: prod parity (line 36)
FAIL: sum parity (line 34)
FAIL: diff parity (line 35)
FAIL: prod parity (line 36)
FAIL: sum parity (line 34)
FAIL: diff parity (line 35)
FAIL: prod parity (line 36)
FAIL: sum parity (line 34)
FAIL: diff parity (line 35)
FAIL: prod parity (line 36)
FAIL: sum parity (line 34)
FAIL: diff parity (line 35)
FAIL: prod parity (line 36)
FAIL: sum parity (line 34)
FAIL: diff parity (line 35)
FAIL: prod parity (line 36)
FAIL: sum parity (line 34)
FAIL: diff parity (line 35)
FAIL: prod parity (line 36)
FAIL: sum parity (line 34)
FAIL: diff parity (line 35)
FAIL: prod parity (line 36)
FAIL: sum parity (line 34)
FAIL: diff parity (line 35)
FAIL: prod parity (line 36)
FAIL: sum parity (line 34)
FAIL: diff parity (line 35)
FAIL: prod parity (line 36)
FAIL: sum parity (line 34)
FAIL: diff parity (line 35)
FAIL: prod parity (line 36)
FAIL: sum parity (line 34)
FAIL: diff parity (line 35)
FAIL: prod parity (line 36)
FAIL: sum parity (line 34)
FAIL: diff parity (line 35)
FAIL: prod parity (line 36)
FAIL: sum parity (line 34)
FAIL: diff parity (line 35)
FAIL: prod parity (line 36)
FAIL: sum parity (line 34)
FAIL: diff parity (line 35)
FAIL: prod parity (line 36)
FAIL: sum parity (line 34)
FAIL: diff parity (line 35)
FAIL: prod parity (line 36)
FAIL: sum parity (line 34)
FAIL: diff parity (line 35)
FAIL: prod parity (line 36)
FAIL: sum parity (line 34)
FAIL: diff parity (line 35)
FAIL: prod parity (line 36)
FAIL: sum parity (line 34)
FAIL: diff parity (line 35)
FAIL: prod parity (line 36)
FAIL: sum parity (line 34)
FAIL: diff parity (line 35)
FAIL: prod parity (line 36)
FAIL: sum parity (line 34)
FAIL: diff parity (line 35)
FAIL: prod parity (line 36)
FAIL: sum parity (line 34)
FAIL: diff parity (line 35)
FAIL: prod parity (line 36)
FAIL: sum parity (line 34)
FAIL: diff parity (line 35)
FAIL: prod parity (line 36)
FAIL: sum parity (line 34)
FAIL: diff parity (line 35)
FAIL: prod parity (line 36)
FAIL: sum parity (line 34)
FAIL: diff parity (line 35)
FAIL: prod parity (line 36)
FAIL: sum parity (line 34)
FAIL: diff parity (line 35)
FAIL: prod parity (line 36)
FAIL: sum parity (line 34)
FAIL: diff parity (line 35)
FAIL: prod parity (line 36)
FAIL: sum parity (line 34)
FAIL: diff parity (line 35)
FAIL: prod parity (line 36)
FAIL: sum parity (line 34)
FAIL: diff parity (line 35)
FAIL: prod parity (line 36)
FAIL: sum parity (line 34)
FAIL: diff parity (line 35)
FAIL: prod parity (line 36)
FAIL: sum parity (line 34)
FAIL: diff parity (line 35)
FAIL: prod parity (line 36)
FAIL: sum parity (line 34)
FAIL: diff parity (line 35)
FAIL: prod parity (line 36)
FAIL: sum parity (line 34)
FAIL: diff parity (line 35)
FAIL: prod parity (line 36)
FAIL: sum parity (line 34)
FAIL: diff parity (line 35)
FAIL: prod parity (line 36)
FAIL: sum parity (line 34)
FAIL: diff parity (line 35)
FAIL: prod parity (line 36)
FAIL: sum parity (line 34)
FAIL: diff parity (line 35)
FAIL: prod parity (line 36)
FAIL: sum parity (line 34)
FAIL: diff parity (line 35)
FAIL: prod parity (line 36)
FAIL: sum parity (line 34)
FAIL: diff parity (line 35)
FAIL: prod parity (line 36)
FAIL: sum parity (line 34)
FAIL: diff parity (line 35)
FAIL: prod parity (line 36)
FAIL: sum parity (line 34)
FAIL: diff parity (line 35)
FAIL: prod parity (line 36)
FAIL: sum parity (line 34)
FAIL: diff parity (line 35)
FAIL: prod parity (line 36)
FAIL: sum parity (line 34)
FAIL: diff parity (line 35)
FAIL: prod parity (line 36)
FAIL: sum parity (line 34)
FAIL: diff parity (line 35)
FAIL: prod parity (line 36)
FAIL: sum parity (line 34)
FAIL: diff parity (line 35)
FAIL: prod parity (line 36)
FAIL: sum parity (line 34)
FAIL: diff parity (line 35)
FAIL: prod parity (line 36)
FAIL: sum parity (line 34)
FAIL: diff parity (line 35)
FAIL: prod parity (line 36)
FAIL: sum parity (line 34)
FAIL: diff parity (line 35)
FAIL: prod parity (line 36)
FAIL: sum parity (line 34)
FAIL: diff parity (line 35)
FAIL: prod parity (line 36)
FAIL: sum parity (line 34)
FAIL: diff parity (line 35)
FAIL: prod parity (line 36)
FAIL: sum parity (line 34)
FAIL: diff parity (line 35)
FAIL: prod parity (line 36)
FAIL: sum parity (line 34)
FAIL: diff parity (line 35)
FAIL: prod parity (line 36)
FAIL: sum parity (line 34)
FAIL: diff parity (line 35)
FAIL: prod parity (line 36)
FAIL: sum parity (line 34)
FAIL: diff parity (line 35)
FAIL: prod parity (line 36)
FAIL: sum parity (line 34)
FAIL: diff parity (line 35)
FAIL: prod parity (line 36)
FAIL: sum parity (line 34)
FAIL: diff parity (line 35)
FAIL: prod parity (line 36)
FAIL: sum parity (line 34)
FAIL: diff parity (line 35)
FAIL: prod parity (line 36)
FAIL: sum parity (line 34)
FAIL: diff parity (line 35)
FAIL: prod parity (line 36)
FAIL: sum parity (line 34)
FAIL: diff parity (line 35)
FAIL: prod parity (line 36)
FAIL: sum parity (line 34)
FAIL: diff parity (line 35)
FAIL: prod parity (line 36)
FAIL: sum parity (line 34)
FAIL: diff parity (line 35)
FAIL: prod parity (line 36)
FAIL: sum parity (line 34)
FAIL: diff parity (line 35)
FAIL: prod parity (line 36)
FAIL: sum parity (line 34)
FAIL: diff parity (line 35)
FAIL: prod parity (line 36)
FAIL: sum parity (line 34)
FAIL: diff parity (line 35)
FAIL: prod parity (line 36)
FAIL: sum parity (line 34)
FAIL: diff parity (line 35)
FAIL: prod parity (line 36)
FAIL: sum parity (line 34)
FAIL: diff parity (line 35)
FAIL: prod parity (line 36)
FAIL: sum parity (line 34)
FAIL: diff parity (line 35)
FAIL: prod parity (line 36)
FAIL: sum parity (line 34)
FAIL: diff parity (line 35)
FAIL: prod parity (line 36)
FAIL: sum parity (line 34)
FAIL: diff parity (line 35)
FAIL: prod parity (line 36)
FAIL: sum parity (line 34)
FAIL: diff parity (line 35)
FAIL: prod parity (line 36)
FAIL: sum parity (line 34)
FAIL: diff parity (line 35)
FAIL: prod parity (line 36)
FAIL: sum parity (line 34)
FAIL: diff parity (line 35)
FAIL: prod parity (line 36)
FAIL: sum parity (line 34)
FAIL: diff parity (line 35)
FAIL: prod parity (line 36)
FAIL: sum parity (line 34)
FAIL: diff parity (line 35)
FAIL: prod parity (line 36)
FAIL: sum parity (line 34)
FAIL: diff parity (line 35)
FAIL: prod parity (line 36)
FAIL: sum parity (line 34)
FAIL: diff parity (line 35)
FAIL: prod parity (line 36)
FAIL: sum parity (line 34)
FAIL: diff parity (line 35)
FAIL: prod parity (line 36)
FAIL: sum parity (line 34)
FAIL: diff parity (line 35)
FAIL: prod parity (line 36)
FAIL: sum parity (line 34)
FAIL: diff parity (line 35)
FAIL: prod parity (line 36)
FAIL: sum parity (line 34)
FAIL: diff parity (line 35)
FAIL: prod parity (line 36)
FAIL: sum parity (line 34)
FAIL: diff parity (line 35)
FAIL: prod parity (line 36)
FAIL: sum parity (line 34)
FAIL: diff parity (line 35)
FAIL: prod parity (line 36)
FAIL: sum parity (line 34)
FAIL: diff parity (line 35)
FAIL: prod parity (line 36)
FAIL: sum parity (line 34)
FAIL: diff parity (line 35)
FAIL: prod parity (line 36)
FAIL: sum parity (line 34)
FAIL: diff parity (line 35)
FAIL: prod parity (line 36)
FAIL: sum parity (line 34)
FAIL: diff parity (line 35)
FAIL: prod parity (line 36)
FAIL: sum parity (line 34)
FAIL: diff parity (line 35)
FAIL: prod parity (line 36)
FAIL: sum parity (line 34)
FAIL: diff parity (line 35)
FAIL: prod parity (line 36)
FAIL: sum parity (line 34)
FAIL: diff parity (line 35)
FAIL: prod parity (line 36)
FAIL: sum parity (line 34)
FAIL: diff parity (line 35)
FAIL: prod parity (line 36)
FAIL: sum parity (line 34)
FAIL: diff parity (line 35)
FAIL: prod parity (line 36)
FAIL: sum parity (line 34)
FAIL: diff parity (line 35)
FAIL: prod parity (line 36)
FAIL: sum parity (line 34)
FAIL: diff parity (line 35)
FAIL: prod parity (line 36)
FAIL: sum parity (line 34)
FAIL: diff parity (line 35)
FAIL: prod parity (line 36)
FAIL: sum parity (line 34)
FAIL: diff parity (line 35)
FAIL: prod parity (line 36)
FAIL: sum parity (line 34)
FAIL: diff parity (line 35)
FAIL: prod parity (line 36)
FAIL: sum parity (line 34)
FAIL: diff parity (line 35)
FAIL: prod parity (line 36)
FAIL: sum parity (line 34)
FAIL: diff parity (line 35)
FAIL: prod parity (line 36)
FAIL: sum parity (line 34)
FAIL: diff parity (line 35)
FAIL: prod parity (line 36)
FAIL: sum parity (line 34)
FAIL: diff parity (line 35)
FAIL: prod parity (line 36)
FAIL: sum parity (line 34)
FAIL: diff parity (line 35)
FAIL: prod parity (line 36)
FAIL: sum parity (line 34)
FAIL: diff parity (line 35)
FAIL: prod parity (line 36)
FAIL: sum parity (line 34)
FAIL: diff parity (line 35)
FAIL: prod parity (line 36)
FAIL: sum parity (line 34)
FAIL: diff parity (line 35)
FAIL: prod parity (line 36)
FAIL: sum parity (line 34)
FAIL: diff parity (line 35)
FAIL: prod parity (line 36)
FAIL: sum parity (line 34)
FAIL: diff parity (line 35)
FAIL: prod parity (line 36)
FAIL: sum parity (line 34)
FAIL: diff parity (line 35)
FAIL: prod parity (line 36)
FAIL: sum parity (line 34)
FAIL: diff parity (line 35)
FAIL: prod parity (line 36)
FAIL: sum parity (line 34)
FAIL: diff parity (line 35)
FAIL: prod parity (line 36)
FAIL: sum parity (line 34)
FAIL: diff parity (line 35)
FAIL: prod parity (line 36)
FAIL: sum parity (line 34)
FAIL: diff parity (line 35)
FAIL: prod parity (line 36)
FAIL: sum parity (line 34)
FAIL: diff parity (line 35)
FAIL: prod parity (line 36)
FAIL: sum parity (line 34)
FAIL: diff parity (line 35)
FAIL: prod parity (line 36)
FAIL: sum parity (line 34)
FAIL: diff parity (line 35)
FAIL: prod parity (line 36)
FAIL: sum parity (line 34)
FAIL: diff parity (line 35)
FAIL: prod parity (line 36)
FAIL: sum parity (line 34)
FAIL: diff parity (line 35)
FAIL: prod parity (line 36)
FAIL: sum parity (line 34)
FAIL: diff parity (line 35)
FAIL: prod parity (line 36)
FAIL: sum parity (line 34)
FAIL: diff parity (line 35)
FAIL: prod parity (line 36)
FAIL: sum parity (line 34)
FAIL: diff parity (line 35)
FAIL: prod parity (line 36)
FAIL: sum parity (line 34)
FAIL: diff parity (line 35)
FAIL: prod parity (line 36)
FAIL: sum parity (line 34)
FAIL: diff parity (line 35)
FAIL: prod parity (line 36)
FAIL: sum parity (line 34)
FAIL: diff parity (line 35)
FAIL: prod parity (line 36)
FAIL: sum parity (line 34)
FAIL: diff parity (line 35)
FAIL: prod parity (line 36)
FAIL: sum parity (line 34)
FAIL: diff parity (line 35)
FAIL: prod parity (line 36)
FAIL: sum parity (line 34)
FAIL: diff parity (line 35)
FAIL: prod parity (line 36)
FAIL: sum parity (line 34)
FAIL: diff parity (line 35)
FAIL: prod parity (line 36)
FAIL: sum parity (line 34)
FAIL: diff parity (line 35)
FAIL: prod parity (line 36)
FAIL: sum parity (line 34)
FAIL: diff parity (line 35)
FAIL: prod parity (line 36)
FAIL: sum parity (line 34)
FAIL: diff parity (line 35)
FAIL: prod parity (line 36)
FAIL: sum parity (line 34)
FAIL: diff parity (line 35)
FAIL: prod parity (line 36)
FAIL: sum parity (line 34)
FAIL: diff parity (line 35)
FAIL: prod parity (line 36)
FAIL: sum parity (line 34)
FAIL: diff parity (line 35)
FAIL: prod parity (line 36)
FAIL: sum parity (line 34)
FAIL: diff parity (line 35)
FAIL: prod parity (line 36)
FAIL: sum parity (line 34)
FAIL: diff parity (line 35)
FAIL: prod parity (line 36)
FAIL: sum parity (line 34)
FAIL: diff parity (line 35)
FAIL: prod parity (line 36)
FAIL: sum parity (line 34)
FAIL: diff parity (line 35)
FAIL: prod parity (line 36)
FAIL: sum parity (line 34)
FAIL: diff parity (line 35)
FAIL: prod parity (line 36)
FAIL: sum parity (line 34)
FAIL: diff parity (line 35)
FAIL: prod parity (line 36)
FAIL: sum parity (line 34)
FAIL: diff parity (line 35)
FAIL: prod parity (line 36)
FAIL: sum parity (line 34)
FAIL: diff parity (line 35)
FAIL: prod parity (line 36)
FAIL: sum parity (line 34)
FAIL: diff parity (line 35)
FAIL: prod parity (line 36)
FAIL: sum parity (line 34)
FAIL: diff parity (line 35)
FAIL: prod parity (line 36)
FAIL: sum parity (line 34)
FAIL: diff parity (line 35)
FAIL: prod parity (line 36)
FAIL: sum parity (line 34)
FAIL: diff parity (line 35)
FAIL: prod parity (line 36)
FAIL: sum parity (line 34)
FAIL: diff parity (line 35)
FAIL: prod parity (line 36)
FAIL: sum parity (line 34)
FAIL: diff parity (line 35)
FAIL: prod parity (line 36)
FAIL: sum parity (line 34)
FAIL: diff parity (line 35)
FAIL: prod parity (line 36)
FAIL: sum parity (line 34)
FAIL: diff parity (line 35)
FAIL: prod parity (line 36)
FAIL: sum parity (line 34)
FAIL: diff parity (line 35)
FAIL: prod parity (line 36)
FAIL: sum parity (line 34)
FAIL: diff parity (line 35)
FAIL: prod parity (line 36)
FAIL: sum parity (line 34)
FAIL: diff parity (line 35)
FAIL: prod parity (line 36)
FAIL: sum parity (line 34)
FAIL: diff parity (line 35)
FAIL: prod parity (line 36)
FAIL: sum parity (line 34)
FAIL: diff parity (line 35)
FAIL: prod parity (line 36)
FAIL: sum parity (line 34)
FAIL: diff parity (line 35)
FAIL: prod parity (line 36)
FAIL: sum parity (line 34)
FAIL: diff parity (line 35)
FAIL: prod parity (line 36)
FAIL: sum parity (line 34)
FAIL: diff parity (line 35)
FAIL: prod parity (line 36)
FAIL: sum parity (line 34)
FAIL: diff parity (line 35)
FAIL: prod parity (line 36)
FAIL: sum parity (line 34)
FAIL: diff parity (line 35)
FAIL: prod parity (line 36)
FAIL: sum parity (line 34)
FAIL: diff parity (line 35)
FAIL: prod parity (line 36)
FAIL: sum parity (line 34)
FAIL: diff parity (line 35)
FAIL: prod parity (line 36)
FAIL: sum parity (line 34)
FAIL: diff parity (line 35)
FAIL: prod parity (line 36)
FAIL: sum parity (line 34)
FAIL: diff parity (line 35)
FAIL: prod parity (line 36)
FAIL: sum parity (line 34)
FAIL: diff parity (line 35)
FAIL: prod parity (line 36)
FAIL: sum parity (line 34)
FAIL: diff parity (line 35)
FAIL: prod parity (line 36)
FAIL: sum parity (line 34)
FAIL: diff parity (line 35)
FAIL: prod parity (line 36)
FAIL: sum parity (line 34)
FAIL: diff parity (line 35)
FAIL: prod parity (line 36)
FAIL: sum parity (line 34)
FAIL: diff parity (line 35)
FAIL: prod parity (line 36)
FAIL: sum parity (line 34)
FAIL: diff parity (line 35)
FAIL: prod parity (line 36)
FAIL: sum parity (line 34)
FAIL: diff parity (line 35)
FAIL: prod parity (line 36)
FAIL: sum parity (line 34)
FAIL: diff parity (line 35)
FAIL: prod parity (line 36)
FAIL: sum parity (line 34)
FAIL: diff parity (line 35)
FAIL: prod parity (line 36)
FAIL: sum parity (line 34)
FAIL: diff parity (line 35)
FAIL: prod parity (line 36)
FAIL: sum parity (line 34)
FAIL: diff parity (line 35)
FAIL: prod parity (line 36)
FAIL: sum parity (line 34)
FAIL: diff parity (line 35)
FAIL: prod parity (line 36)
FAIL: sum parity (line 34)
FAIL: diff parity (line 35)
FAIL: prod parity (line 36)
FAIL: sum parity (line 34)
FAIL: diff parity (line 35)
FAIL: prod parity (line 36)
FAIL: sum parity (line 34)
FAIL: diff parity (line 35)
FAIL: prod parity (line 36)
FAIL: sum parity (line 34)
FAIL: diff parity (line 35)
FAIL: prod parity (line 36)
FAIL: sum parity (line 34)
FAIL: diff parity (line 35)
FAIL: prod parity (line 36)
FAIL: sum parity (line 34)
FAIL: diff parity (line 35)
FAIL: prod parity (line 36)
FAIL: sum parity (line 34)
FAIL: diff parity (line 35)
FAIL: prod parity (line 36)
FAIL: sum parity (line 34)
FAIL: diff parity (line 35)
FAIL: prod parity (line 36)
FAIL: sum parity (line 34)
FAIL: diff parity (line 35)
FAIL: prod parity (line 36)
FAIL: sum parity (line 34)
FAIL: diff parity (line 35)
FAIL: prod parity (line 36)
FAIL: sum parity (line 34)
FAIL: diff parity (line 35)
FAIL: prod parity (line 36)
FAIL: sum parity (line 34)
FAIL: diff parity (line 35)
FAIL: prod parity (line 36)
FAIL: sum parity (line 34)
FAIL: diff parity (line 35)
FAIL: prod parity (line 36)
FAIL: sum parity (line 34)
FAIL: diff parity (line 35)
FAIL: prod parity (line 36)
FAIL: sum parity (line 34)
FAIL: diff parity (line 35)
FAIL: prod parity (line 36)
FAIL: sum parity (line 34)
FAIL: diff parity (line 35)
FAIL: prod parity (line 36)
FAIL: sum parity (line 34)
FAIL: diff parity (line 35)
FAIL: prod parity (line 36)
FAIL: sum parity (line 34)
FAIL: diff parity (line 35)
FAIL: prod parity (line 36)
FAIL: sum parity (line 34)
FAIL: diff parity (line 35)
FAIL: prod parity (line 36)
FAIL: sum parity (line 34)
FAIL: diff parity (line 35)
FAIL: prod parity (line 36)
FAIL: sum parity (line 34)
FAIL: diff parity (line 35)
FAIL: prod parity (line 36)
FAIL: sum parity (line 34)
FAIL: diff parity (line 35)
FAIL: prod parity (line 36)
FAIL: sum parity (line 34)
FAIL: diff parity (line 35)
FAIL: prod parity (line 36)
FAIL: sum parity (line 34)
FAIL: diff parity (line 35)
FAIL: prod parity (line 36)
FAIL: sum parity (line 34)
FAIL: diff parity (line 35)
FAIL: prod parity (line 36)
FAIL: sum parity (line 34)
FAIL: diff parity (line 35)
FAIL: prod parity (line 36)
FAIL: sum parity (line 34)
FAIL: diff parity (line 35)
FAIL: prod parity (line 36)
FAIL: sum parity (line 34)
FAIL: diff parity (line 35)
FAIL: prod parity (line 36)
FAIL: sum parity (line 34)
FAIL: diff parity (line 35)
FAIL: prod parity (line 36)
FAIL: sum parity (line 34)
FAIL: diff parity (line 35)
FAIL: prod parity (line 36)
FAIL: sum parity (line 34)
FAIL: diff parity (line 35)
FAIL: prod parity (line 36)
FAIL: sum parity (line 34)
FAIL: diff parity (line 35)
FAIL: prod parity (line 36)
FAIL: sum parity (line 34)
FAIL: diff parity (line 35)
FAIL: prod parity (line 36)
FAIL: sum parity (line 34)
FAIL: diff parity (line 35)
FAIL: prod parity (line 36)
FAIL: sum parity (line 34)
FAIL: diff parity (line 35)
FAIL: prod parity (line 36)
FAIL: sum parity (line 34)
FAIL: diff parity (line 35)
FAIL: prod parity (line 36)
FAIL: sum parity (line 34)
FAIL: diff parity (line 35)
FAIL: prod parity (line 36)
FAIL: sum parity (line 34)
FAIL: diff parity (line 35)
FAIL: prod parity (line 36)
FAIL: sum parity (line 34)
FAIL: diff parity (line 35)
FAIL: prod parity (line 36)
FAIL: sum parity (line 34)
FAIL: diff parity (line 35)
FAIL: prod parity (line 36)
FAIL: sum parity (line 34)
FAIL: diff parity (line 35)
FAIL: prod parity (line 36)
FAIL: sum parity (line 34)
FAIL: diff parity (line 35)
FAIL: prod parity (line 36)
FAIL: sum parity (line 34)
FAIL: diff parity (line 35)
FAIL: prod parity (line 36)
FAIL: sum parity (line 34)
FAIL: diff parity (line 35)
FAIL: prod parity (line 36)
FAIL: sum parity (line 34)
FAIL: diff parity (line 35)
FAIL: prod parity (line 36)
FAIL: sum parity (line 34)
FAIL: diff parity (line 35)
FAIL: prod parity (line 36)
FAIL: sum parity (line 34)
FAIL: diff parity (line 35)
FAIL: prod parity (line 36)
FAIL: sum parity (line 34)
FAIL: diff parity (line 35)
FAIL: prod parity (line 36)
FAIL: sum parity (line 34)
FAIL: diff parity (line 35)
FAIL: prod parity (line 36)
FAIL: sum parity (line 34)
FAIL: diff parity (line 35)
FAIL: prod parity (line 36)
FAIL: sum parity (line 34)
FAIL: diff parity (line 35)
FAIL: prod parity (line 36)
FAIL: sum parity (line 34)
FAIL: diff parity (line 35)
FAIL: prod parity (line 36)
FAIL: sum parity (line 34)
FAIL: diff parity (line 35)
FAIL: prod parity (line 36)
FAIL: sum parity (line 34)
FAIL: diff parity (line 35)
FAIL: prod parity (line 36)
FAIL: sum parity (line 34)
FAIL: diff parity (line 35)
FAIL: prod parity (line 36)
FAIL: sum parity (line 34)
FAIL: diff parity (line 35)
FAIL: prod parity (line 36)
FAIL: sum parity (line 34)
FAIL: diff parity (line 35)
FAIL: prod parity (line 36)
FAIL: sum parity (line 34)
FAIL: diff parity (line 35)
FAIL: prod parity (line 36)
FAIL: sum parity (line 34)
FAIL: diff parity (line 35)
FAIL: prod parity (line 36)
FAIL: sum parity (line 34)
FAIL: diff parity (line 35)
FAIL: prod parity (line 36)
FAIL: sum parity (line 34)
FAIL: diff parity (line 35)
FAIL: prod parity (line 36)
FAIL: sum parity (line 34)
FAIL: diff parity (line 35)
FAIL: prod parity (line 36)
FAIL: sum parity (line 34)
FAIL: diff parity (line 35)
FAIL: prod parity (line 36)
FAIL: sum parity (line 34)
FAIL: diff parity (line 35)
FAIL: prod parity (line 36)
FAIL: sum parity (line 34)
FAIL: diff parity (line 35)
FAIL: prod parity (line 36)
FAIL: sum parity (line 34)
FAIL: diff parity (line 35)
FAIL: prod parity (line 36)
FAIL: sum parity (line 34)
FAIL: diff parity (line 35)
FAIL: prod parity (line 36)
FAIL: sum parity (line 34)
FAIL: diff parity (line 35)
FAIL: prod parity (line 36)
FAIL: sum parity (line 34)
FAIL: diff parity (line 35)
FAIL: prod parity (line 36)
FAIL: sum parity (line 34)
FAIL: diff parity (line 35)
FAIL: prod parity (line 36)
FAIL: sum parity (line 34)
FAIL: diff parity (line 35)
FAIL: prod parity (line 36)
FAIL: sum parity (line 34)
FAIL: diff parity (line 35)
FAIL: prod parity (line 36)
FAIL: sum parity (line 34)
FAIL: diff parity (line 35)
FAIL: prod parity (line 36)
FAIL: sum parity (line 34)
FAIL: diff parity (line 35)
FAIL: prod parity (line 36)
FAIL: sum parity (line 34)
FAIL: diff parity (line 35)
FAIL: prod parity (line 36)
FAIL: sum parity (line 34)
FAIL: diff parity (line 35)
FAIL: prod parity (line 36)
FAIL: sum parity (line 34)
FAIL: diff parity (line 35)
FAIL: prod parity (line 36)
FAIL: sum parity (line 34)
FAIL: diff parity (line 35)
FAIL: prod parity (line 36)
FAIL: sum parity (line 34)
FAIL: diff parity (line 35)
FAIL: prod parity (line 36)
FAIL: sum parity (line 34)
FAIL: diff parity (line 35)
FAIL: prod parity (line 36)
FAIL: sum parity (line 34)
FAIL: diff parity (line 35)
FAIL: prod parity (line 36)
FAIL: sum parity (line 34)
FAIL: diff parity (line 35)
FAIL: prod parity (line 36)
FAIL: sum parity (line 34)
FAIL: diff parity (line 35)
FAIL: prod parity (line 36)
FAIL: sum parity (line 34)
FAIL: diff parity (line 35)
FAIL: prod parity (line 36)
FAIL: sum parity (line 34)
FAIL: diff parity (line 35)
FAIL: prod parity (line 36)
FAIL: sum parity (line 34)
FAIL: diff parity (line 35)
FAIL: prod parity (line 36)
FAIL: sum parity (line 34)
FAIL: diff parity (line 35)
FAIL: prod parity (line 36)
FAIL: sum parity (line 34)
FAIL: diff parity (line 35)
FAIL: prod parity (line 36)
FAIL: sum parity (line 34)
FAIL: diff parity (line 35)
FAIL: prod parity (line 36)
FAIL: sum parity (line 34)
FAIL: diff parity (line 35)
FAIL: prod parity (line 36)
FAIL: sum parity (line 34)
FAIL: diff parity (line 35)
FAIL: prod parity (line 36)
FAIL: sum parity (line 34)
FAIL: diff parity (line 35)
FAIL: prod parity (line 36)
FAIL: sum parity (line 34)
FAIL: diff parity (line 35)
FAIL: prod parity (line 36)
FAIL: sum parity (line 34)
FAIL: diff parity (line 35)
FAIL: prod parity (line 36)
FAIL: sum parity (line 34)
FAIL: diff parity (line 35)
FAIL: prod parity (line 36)
FAIL: sum parity (line 34)
FAIL: diff parity (line 35)
FAIL: prod parity (line 36)
FAIL: sum parity (line 34)
FAIL: diff parity (line 35)
FAIL: prod parity (line 36)
FAIL: sum parity (line 34)
FAIL: diff parity (line 35)
FAIL: prod parity (line 36)
FAIL: sum parity (line 34)
FAIL: diff parity (line 35)
FAIL: prod parity (line 36)
FAIL: sum parity (line 34)
FAIL: diff parity (line 35)
FAIL: prod parity (line 36)
FAIL: sum parity (line 34)
FAIL: diff parity (line 35)
FAIL: prod parity (line 36)
FAIL: sum parity (line 34)
FAIL: diff parity (line 35)
FAIL: prod parity (line 36)
FAIL: sum parity (line 34)
FAIL: diff parity (line 35)
FAIL: prod parity (line 36)
FAIL: sum parity (line 34)
FAIL: diff parity (line 35)
FAIL: prod parity (line 36)
FAIL: sum parity (line 34)
FAIL: diff parity (line 35)
FAIL: prod parity (line 36)
FAIL: sum parity (line 34)
FAIL: diff parity (line 35)
FAIL: prod parity (line 36)
FAIL: sum parity (line 34)
FAIL: diff parity (line 35)
FAIL: prod parity (line 36)
FAIL: sum parity (line 34)
FAIL: diff parity (line 35)
FAIL: prod parity (line 36)
FAIL: sum parity (line 34)
FAIL: diff parity (line 35)
FAIL: prod parity (line 36)
FAIL: sum parity (line 34)
FAIL: diff parity (line 35)
FAIL: prod parity (line 36)
FAIL: sum parity (line 34)
FAIL: diff parity (line 35)
FAIL: prod parity (line 36)
FAIL: sum parity (line 34)
FAIL: diff parity (line 35)
FAIL: prod parity (line 36)
FAIL: sum parity (line 34)
FAIL: diff parity (line 35)
FAIL: prod parity (line 36)
FAIL: sum parity (line 34)
FAIL: diff parity (line 35)
FAIL: prod parity (line 36)
FAIL: sum parity (line 34)
FAIL: diff parity (line 35)
FAIL: prod parity (line 36)
FAIL: sum parity (line 34)
FAIL: diff parity (line 35)
FAIL: prod parity (line 36)
FAIL: sum parity (line 34)
FAIL: diff parity (line 35)
FAIL: prod parity (line 36)
FAIL: sum parity (line 34)
FAIL: diff parity (line 35)
FAIL: prod parity (line 36)
FAIL: sum parity (line 34)
FAIL: diff parity (line 35)
FAIL: prod parity (line 36)
FAIL: sum parity (line 34)
FAIL: diff parity (line 35)
FAIL: prod parity (line 36)
FAIL: sum parity (line 34)
FAIL: diff parity (line 35)
FAIL: prod parity (line 36)
FAIL: sum parity (line 34)
FAIL: diff parity (line 35)
FAIL: prod parity (line 36)
FAIL: sum parity (line 34)
FAIL: diff parity (line 35)
FAIL: prod parity (line 36)
FAIL: sum parity (line 34)
FAIL: diff parity (line 35)
FAIL: prod parity (line 36)
FAIL: sum parity (line 34)
FAIL: diff parity (line 35)
FAIL: prod parity (line 36)
FAIL: sum parity (line 34)
FAIL: diff parity (line 35)
FAIL: prod parity (line 36)
FAIL: sum parity (line 34)
FAIL: diff parity (line 35)
FAIL: prod parity (line 36)
FAIL: sum parity (line 34)
FAIL: diff parity (line 35)
FAIL: prod parity (line 36)
FAIL: sum parity (line 34)
FAIL: diff parity (line 35)
FAIL: prod parity (line 36)
FAIL: sum parity (line 34)
FAIL: diff parity (line 35)
FAIL: prod parity (line 36)
FAIL: sum parity (line 34)
FAIL: diff parity (line 35)
FAIL: prod parity (line 36)
FAIL: sum parity (line 34)
FAIL: diff parity (line 35)
FAIL: prod parity (line 36)
FAIL: sum parity (line 34)
FAIL: diff parity (line 35)
FAIL: prod parity (line 36)
FAIL: sum parity (line 34)
FAIL: diff parity (line 35)
FAIL: prod parity (line 36)
FAIL: sum parity (line 34)
FAIL: diff parity (line 35)
FAIL: prod parity (line 36)
FAIL: sum parity (line 34)
FAIL: diff parity (line 35)
FAIL: prod parity (line 36)
FAIL: sum parity (line 34)
FAIL: diff parity (line 35)
FAIL: prod parity (line 36)
FAIL: sum parity (line 34)
FAIL: diff parity (line 35)
FAIL: prod parity (line 36)
FAIL: sum parity (line 34)
FAIL: diff parity (line 35)
FAIL: prod parity (line 36)
FAIL: sum parity (line 34)
FAIL: diff parity (line 35)
FAIL: prod parity (line 36)
FAIL: sum parity (line 34)
FAIL: diff parity (line 35)
FAIL: prod parity (line 36)
FAIL: sum parity (line 34)
FAIL: diff parity (line 35)
FAIL: prod parity (line 36)
FAIL: sum parity (line 34)
FAIL: diff parity (line 35)
FAIL: prod parity (line 36)
FAIL: sum parity (line 34)
FAIL: diff parity (line 35)
FAIL: prod parity (line 36)
FAIL: sum parity (line 34)
FAIL: diff parity (line 35)
FAIL: prod parity (line 36)
FAIL: sum parity (line 34)
FAIL: diff parity (line 35)
FAIL: prod parity (line 36)
FAIL: sum parity (line 34)
FAIL: diff parity (line 35)
FAIL: prod parity (line 36)
FAIL: sum parity (line 34)
FAIL: diff parity (line 35)
FAIL: prod parity (line 36)
FAIL: sum parity (line 34)
FAIL: diff parity (line 35)
FAIL: prod parity (line 36)
FAIL: sum parity (line 34)
FAIL: diff parity (line 35)
FAIL: prod parity (line 36)
FAIL: sum parity (line 34)
FAIL: diff parity (line 35)
FAIL: prod parity (line 36)
FAIL: sum parity (line 34)
FAIL: diff parity (line 35)
FAIL: prod parity (line 36)
FAIL: sum parity (line 34)
FAIL: diff parity (line 35)
FAIL: prod parity (line 36)
FAIL: sum parity (line 34)
FAIL: diff parity (line 35)
FAIL: prod parity (line 36)
FAIL: sum parity (line 34)
FAIL: diff parity (line 35)
FAIL: prod parity (line 36)
FAIL: sum parity (line 34)
FAIL: diff parity (line 35)
FAIL: prod parity (line 36)
FAIL: sum parity (line 34)
FAIL: diff parity (line 35)
FAIL: prod parity (line 36)
FAIL: sum parity (line 34)
FAIL: diff parity (line 35)
FAIL: prod parity (line 36)
FAIL: sum parity (line 34)
FAIL: diff parity (line 35)
FAIL: prod parity (line 36)
FAIL: sum parity (line 34)
FAIL: diff parity (line 35)
FAIL: prod parity (line 36)
FAIL: sum parity (line 34)
FAIL: diff parity (line 35)
FAIL: prod parity (line 36)
FAIL: sum parity (line 34)
FAIL: diff parity (line 35)
FAIL: prod parity (line 36)
FAIL: sum parity (line 34)
FAIL: diff parity (line 35)
FAIL: prod parity (line 36)
FAIL: sum parity (line 34)
FAIL: diff parity (line 35)
FAIL: prod parity (line 36)
FAIL: sum parity (line 34)
FAIL: diff parity (line 35)
FAIL: prod parity (line 36)
FAIL: sum parity (line 34)
FAIL: diff parity (line 35)
FAIL: prod parity (line 36)
FAIL: sum parity (line 34)
FAIL: diff parity (line 35)
FAIL: prod parity (line 36)
FAIL: sum parity (line 34)
FAIL: diff parity (line 35)
FAIL: prod parity (line 36)
FAIL: sum parity (line 34)
FAIL: diff parity (line 35)
FAIL: prod parity (line 36)
FAIL: sum parity (line 34)
FAIL: diff parity (line 35)
FAIL: sum parity (line 34)
FAIL: diff parity (line 35)
FAIL: sum parity (line 34)
FAIL: prod parity (line 36)
FAIL: sum parity (line 34)
FAIL: diff parity (line 35)
FAIL: sum parity (line 34)
FAIL: diff parity (line 35)
FAIL: sum parity (line 34)
FAIL: prod parity (line 36)
FAIL: sum parity (line 34)
FAIL: diff parity (line 35)
FAIL: prod parity (line 36)
FAIL: mul-identity (mont-one) (line 40)
FAIL: inverse law (line 47)
FAIL: inverse law (line 47)
FAIL: inverse law (line 47)
FAIL: inverse law (line 47)
FAIL: inverse law (line 47)
FAIL: inverse law (line 47)
FAIL: inverse law (line 47)
FAIL: inverse law (line 47)
FAIL: inverse law (line 47)
FAIL: inverse law (line 47)
FAIL: inverse law (line 47)
FAIL: inverse law (line 47)
FAIL: inverse law (line 47)
FAIL: inverse law (line 47)
FAIL: inverse law (line 47)
FAIL: inverse law (line 47)
FAIL: inverse law (line 47)
FAIL: inverse law (line 47)
FAIL: inverse law (line 47)
FAIL: inverse law (line 47)
FAIL: inverse law (line 47)
FAIL: inverse law (line 47)
FAIL: inverse law (line 47)
FAIL: inverse law (line 47)
FAIL: inverse law (line 47)
FAIL: inverse law (line 47)
FAIL: inverse law (line 47)
FAIL: inverse law (line 47)
FAIL: inverse law (line 47)
FAIL: inverse law (line 47)
FAIL: inverse law (line 47)
FAIL: inverse law (line 47)
FAIL: inverse law (line 47)
FAIL: inverse law (line 47)
FAIL: inverse law (line 47)
FAIL: inverse law (line 47)
FAIL: inverse law (line 47)
FAIL: inverse law (line 47)
FAIL: inverse law (line 47)
FAIL: inverse law (line 47)
FAIL: inverse law (line 47)
FAIL: inverse law (line 47)
FAIL: inverse law (line 47)
FAIL: inverse law (line 47)
FAIL: inverse law (line 47)
FAIL: inverse law (line 47)
FAIL: inverse law (line 47)
FAIL: inverse law (line 47)
FAIL: inverse law (line 47)
FAIL: inverse law (line 47)
FAIL: inverse law (line 47)
FAIL: inverse law (line 47)
FAIL: inverse law (line 47)
FAIL: inverse law (line 47)
FAIL: inverse law (line 47)
FAIL: inverse law (line 47)
FAIL: inverse law (line 47)
FAIL: inverse law (line 47)
FAIL: inverse law (line 47)
FAIL: inverse law (line 47)
FAIL: inverse law (line 47)
FAIL: inverse law (line 47)
FAIL: inverse law (line 47)
FAIL: inverse law (line 47)
FAIL: inverse law (line 47)
FAIL: inverse law (line 47)
FAIL: inverse law (line 47)
FAIL: inverse law (line 47)
FAIL: inverse law (line 47)
FAIL: inverse law (line 47)
FAIL: inverse law (line 47)
FAIL: inverse law (line 47)
FAIL: inverse law (line 47)
FAIL: inverse law (line 47)
FAIL: inverse law (line 47)
FAIL: inverse law (line 47)
FAIL: inverse law (line 47)
FAIL: inverse law (line 47)
FAIL: inverse law (line 47)
FAIL: inverse law (line 47)
FAIL: inverse law (line 47)
FAIL: inverse law (line 47)
FAIL: inverse law (line 47)
FAIL: inverse law (line 47)
FAIL: inverse law (line 47)
FAIL: inverse law (line 47)
FAIL: inverse law (line 47)
FAIL: inverse law (line 47)
FAIL: inverse law (line 47)
FAIL: inverse law (line 47)
FAIL: inverse law (line 47)
FAIL: inverse law (line 47)
FAIL: inverse law (line 47)
FAIL: inverse law (line 47)
FAIL: inverse law (line 47)
FAIL: inverse law (line 47)
FAIL: inverse law (line 47)
FAIL: inverse law (line 47)
FAIL: inverse law (line 47)
FAIL: inverse law (line 47)
FAIL: inverse law (line 47)
FAIL: inverse law (line 47)
FAIL: inverse law (line 47)
FAIL: inverse law (line 47)
FAIL: inverse law (line 47)
FAIL: inverse law (line 47)
FAIL: inverse law (line 47)
FAIL: inverse law (line 47)
FAIL: inverse law (line 47)
FAIL: inverse law (line 47)
FAIL: inverse law (line 47)
FAIL: inverse law (line 47)
FAIL: inverse law (line 47)
FAIL: inverse law (line 47)
FAIL: inverse law (line 47)
FAIL: inverse law (line 47)
FAIL: inverse law (line 47)
FAIL: inverse law (line 47)
FAIL: inverse law (line 47)
FAIL: inverse law (line 47)
FAIL: inverse law (line 47)
FAIL: inverse law (line 47)
FAIL: inverse law (line 47)
FAIL: inverse law (line 47)
FAIL: inverse law (line 47)
FAIL: inverse law (line 47)
FAIL: inverse law (line 47)
FAIL: inverse law (line 47)
FAIL: inverse law (line 47)
FAIL: inverse law (line 47)
FAIL: inverse law (line 47)
FAIL: inverse law (line 47)
FAIL: inverse law (line 47)
FAIL: inverse law (line 47)
FAIL: inverse law (line 47)
FAIL: inverse law (line 47)
FAIL: inverse law (line 47)
FAIL: inverse law (line 47)
FAIL: inverse law (line 47)
FAIL: inverse law (line 47)
FAIL: inverse law (line 47)
FAIL: inverse law (line 47)
FAIL: inverse law (line 47)
FAIL: inverse law (line 47)
FAIL: inverse law (line 47)
FAIL: inverse law (line 47)
FAIL: inverse law (line 47)
FAIL: inverse law (line 47)
FAIL: inverse law (line 47)
FAIL: inverse law (line 47)
FAIL: inverse law (line 47)
FAIL: inverse law (line 47)
FAIL: inverse law (line 47)
FAIL: inverse law (line 47)
FAIL: inverse law (line 47)
FAIL: inverse law (line 47)
FAIL: inverse law (line 47)
FAIL: inverse law (line 47)
FAIL: inverse law (line 47)
FAIL: inverse law (line 47)
FAIL: inverse law (line 47)
FAIL: inverse law (line 47)
FAIL: inverse law (line 47)
FAIL: inverse law (line 47)
FAIL: inverse law (line 47)
FAIL: inverse law (line 47)
FAIL: inverse law (line 47)
FAIL: inverse law (line 47)
FAIL: inverse law (line 47)
FAIL: inverse law (line 47)
FAIL: inverse law (line 47)
FAIL: inverse law (line 47)
FAIL: inverse law (line 47)
FAIL: inverse law (line 47)
FAIL: inverse law (line 47)
FAIL: inverse law (line 47)
FAIL: inverse law (line 47)
FAIL: inverse law (line 47)
FAIL: inverse law (line 47)
FAIL: inverse law (line 47)
FAIL: inverse law (line 47)
FAIL: inverse law (line 47)
FAIL: inverse law (line 47)
FAIL: inverse law (line 47)
FAIL: inverse law (line 47)
FAIL: inverse law (line 47)
FAIL: inverse law (line 47)
FAIL: inverse law (line 47)
FAIL: inverse law (line 47)
FAIL: inverse law (line 47)
FAIL: inverse law (line 47)
FAIL: inverse law (line 47)
FAIL: inverse law (line 47)
FAIL: inverse law (line 47)
FAIL: inverse law (line 47)
FAIL: inverse law (line 47)
FAIL: inverse law (line 47)
FAIL: inverse law (line 47)
FAIL: inverse law (line 47)
FAIL: inverse law (line 47)
FAIL: inverse law (line 47)
FAIL: inverse law (line 47)
FAIL: inverse law (line 47)
FAIL: inverse law (line 47)
FAIL: inverse law (line 47)
FAIL: inverse law (line 47)
FAIL: inverse law (line 47)
FAIL: inverse law (line 47)
FAIL: inverse law (line 47)
FAIL: inverse law (line 47)
FAIL: inverse law (line 47)
FAIL: inverse law (line 47)
FAIL: inverse law (line 47)
FAIL: inverse law (line 47)
FAIL: inverse law (line 47)
FAIL: inverse law (line 47)
FAIL: inverse law (line 47)
FAIL: inverse law (line 47)
FAIL: inverse law (line 47)
FAIL: inverse law (line 47)
FAIL: inverse law (line 47)
FAIL: inverse law (line 47)
FAIL: inverse law (line 47)
FAIL: inverse law (line 47)
FAIL: inverse law (line 47)
FAIL: inverse law (line 47)
FAIL: inverse law (line 47)
FAIL: inverse law (line 47)
FAIL: inverse law (line 47)
FAIL: inverse law (line 47)
FAIL: inverse law (line 47)
FAIL: inverse law (line 47)
FAIL: inverse law (line 47)
FAIL: inverse law (line 47)
FAIL: inverse law (line 47)
FAIL: inverse law (line 47)
FAIL: inverse law (line 47)
FAIL: inverse law (line 47)
FAIL: inverse law (line 47)
FAIL: inverse law (line 47)
FAIL: inverse law (line 47)
FAIL: inverse law (line 47)
FAIL: inverse law (line 47)
FAIL: inverse law (line 47)
FAIL: inverse law (line 47)
FAIL: inverse law (line 47)
FAIL: inverse law (line 47)
FAIL: inverse law (line 47)
FAIL: inverse law (line 47)
FAIL: inverse law (line 47)
FAIL: inverse law (line 47)
FAIL: inverse law (line 47)
FAIL: inverse law (line 47)
FAIL: inverse law (line 47)
FAIL: inverse law (line 47)
FAIL: inverse law (line 47)
FAIL: inverse law (line 47)
FAIL: inverse law (line 47)
FAIL: inverse law (line 47)
FAIL: inverse law (line 47)
FAIL: inverse law (line 47)
FAIL: inverse law (line 47)
FAIL: inverse law (line 47)
FAIL: inverse law (line 47)
FAIL: inverse law (line 47)
FAIL: inverse law (line 47)
FAIL: inverse law (line 47)
FAIL: inverse law (line 47)
FAIL: inverse law (line 47)
FAIL: inverse law (line 47)
FAIL: inverse law (line 47)
FAIL: inverse law (line 47)
FAIL: inverse law (line 47)
FAIL: inverse law (line 47)
FAIL: inverse law (line 47)
FAIL: inverse law (line 47)
FAIL: inverse law (line 47)
FAIL: inverse law (line 47)
FAIL: inverse law (line 47)
FAIL: inverse law (line 47)
FAIL: inverse law (line 47)
FAIL: inverse law (line 47)
FAIL: inverse law (line 47)
FAIL: inverse law (line 47)
FAIL: inverse law (line 47)
FAIL: inverse law (line 47)
FAIL: inverse law (line 47)
FAIL: inverse law (line 47)
FAIL: inverse law (line 47)
FAIL: inverse law (line 47)
FAIL: inverse law (line 47)
FAIL: inverse law (line 47)
FAIL: inverse law (line 47)
FAIL: inverse law (line 47)
FAIL: inverse law (line 47)
FAIL: inverse law (line 47)
FAIL: inverse law (line 47)
FAIL: inverse law (line 47)
FAIL: inverse law (line 47)
FAIL: inverse law (line 47)
FAIL: inverse law (line 47)
FAIL: inverse law (line 47)
FAIL: inverse law (line 47)
FAIL: inverse law (line 47)
FAIL: inverse law (line 47)
FAIL: inverse law (line 47)
FAIL: inverse law (line 47)
FAIL: inverse law (line 47)
FAIL: inverse law (line 47)
FAIL: inverse law (line 47)
FAIL: inverse law (line 47)
FAIL: inverse law (line 47)
FAIL: inverse law (line 47)
FAIL: inverse law (line 47)
FAIL: inverse law (line 47)
FAIL: inverse law (line 47)
FAIL: inverse law (line 47)
FAIL: inverse law (line 47)
FAIL: inverse law (line 47)
FAIL: inverse law (line 47)
FAIL: inverse law (line 47)
FAIL: inverse law (line 47)
FAIL: inverse law (line 47)
FAIL: inverse law (line 47)
FAIL: inverse law (line 47)
FAIL: inverse law (line 47)
FAIL: inverse law (line 47)
FAIL: inverse law (line 47)
FAIL: inverse law (line 47)
FAIL: inverse law (line 47)
FAIL: inverse law (line 47)
FAIL: inverse law (line 47)
FAIL: inverse law (line 47)
FAIL: inverse law (line 47)
FAIL: inverse law (line 47)
FAIL: inverse law (line 47)
FAIL: inverse law (line 47)
FAIL: inverse law (line 47)
FAIL: inverse law (line 47)
FAIL: inverse law (line 47)
FAIL: inverse law (line 47)
FAIL: inverse law (line 47)
FAIL: inverse law (line 47)
FAIL: inverse law (line 47)
FAIL: inverse law (line 47)
FAIL: inverse law (line 47)
FAIL: inverse law (line 47)
FAIL: inverse law (line 47)
FAIL: inverse law (line 47)
FAIL: inverse law (line 47)
FAIL: inverse law (line 47)
FAIL: inverse law (line 47)
FAIL: inverse law (line 47)
FAIL: inverse law (line 47)
FAIL: inverse law (line 47)
FAIL: inverse law (line 47)
FAIL: inverse law (line 47)
FAIL: inverse law (line 47)
FAIL: inverse law (line 47)
FAIL: inverse law (line 47)
FAIL: inverse law (line 47)
FAIL: inverse law (line 47)
FAIL: inverse law (line 47)
FAIL: inverse law (line 47)
FAIL: inverse law (line 47)
FAIL: inverse law (line 47)
FAIL: inverse law (line 47)
FAIL: inverse law (line 47)
FAIL: inverse law (line 47)
FAIL: inverse law (line 47)
FAIL: inverse law (line 47)
FAIL: inverse law (line 47)
FAIL: inverse law (line 47)
FAIL: inverse law (line 47)
FAIL: inverse law (line 47)
FAIL: inverse law (line 47)
FAIL: inverse law (line 47)
FAIL: inverse law (line 47)
FAIL: inverse law (line 47)
FAIL: inverse law (line 47)
FAIL: inverse law (line 47)
FAIL: inverse law (line 47)
FAIL: inverse law (line 47)
FAIL: inverse law (line 47)
FAIL: inverse law (line 47)
FAIL: inverse law (line 47)
FAIL: inverse law (line 47)
FAIL: inverse law (line 47)
FAIL: inverse law (line 47)
FAIL: inverse law (line 47)
FAIL: inverse law (line 47)
FAIL: inverse law (line 47)
FAIL: inverse law (line 47)
FAIL: inverse law (line 47)
FAIL: inverse law (line 47)
FAIL: inverse law (line 47)
FAIL: inverse law (line 47)
FAIL: inverse law (line 47)
FAIL: inverse law (line 47)
FAIL: inverse law (line 47)
FAIL: inverse law (line 47)
FAIL: inverse law (line 47)
FAIL: inverse law (line 47)
FAIL: inverse law (line 47)
FAIL: inverse law (line 47)
FAIL: inverse law (line 47)
FAIL: inverse law (line 47)
FAIL: inverse law (line 47)
FAIL: inverse law (line 47)
FAIL: inverse law (line 47)
FAIL: inverse law (line 47)
FAIL: inverse law (line 47)
FAIL: inverse law (line 47)
FAIL: inverse law (line 47)
FAIL: inverse law (line 47)
FAIL: inverse law (line 47)
FAIL: inverse law (line 47)
FAIL: inverse law (line 47)
FAIL: inverse law (line 47)
FAIL: inverse law (line 47)
FAIL: inverse law (line 47)
FAIL: inverse law (line 47)
FAIL: inverse law (line 47)
FAIL: inverse law (line 47)
FAIL: inverse law (line 47)
FAIL: inverse law (line 47)
FAIL: inverse law (line 47)
FAIL: inverse law (line 47)
FAIL: inverse law (line 47)
FAIL: inverse law (line 47)
FAIL: inverse law (line 47)
FAIL: inverse law (line 47)
FAIL: inverse law (line 47)
FAIL: inverse law (line 47)
FAIL: inverse law (line 47)
FAIL: inverse law (line 47)
FAIL: inverse law (line 47)
FAIL: inverse law (line 47)
FAIL: inverse law (line 47)
FAIL: inverse law (line 47)
FAIL: inverse law (line 47)
FAIL: inverse law (line 47)
FAIL: inverse law (line 47)
FAIL: inverse law (line 47)
FAIL: inverse law (line 47)
FAIL: inverse law (line 47)
FAIL: inverse law (line 47)
FAIL: inverse law (line 47)
FAIL: inverse law (line 47)
FAIL: inverse law (line 47)
FAIL: inverse law (line 47)
FAIL: inverse law (line 47)
FAIL: inverse law (line 47)
FAIL: inverse law (line 47)
FAIL: inverse law (line 47)
FAIL: inverse law (line 47)
FAIL: inverse law (line 47)
FAIL: inverse law (line 47)
FAIL: inverse law (line 47)
FAIL: inverse law (line 47)
FAIL: inverse law (line 47)
FAIL: inverse law (line 47)
FAIL: inverse law (line 47)
FAIL: inverse law (line 47)
FAIL: inverse law (line 47)
FAIL: inverse law (line 47)
FAIL: inverse law (line 47)
FAIL: inverse law (line 47)
FAIL: inverse law (line 47)
FAIL: inverse law (line 47)
FAIL: inverse law (line 47)
FAIL: inverse law (line 47)
FAIL: inverse law (line 47)
FAIL: inverse law (line 47)
FAIL: inverse law (line 47)
FAIL: inverse law (line 47)
FAIL: inverse law (line 47)
FAIL: inverse law (line 47)
FAIL: inverse law (line 47)
FAIL: inverse law (line 47)
FAIL: inverse law (line 47)
FAIL: inverse law (line 47)
FAIL: inverse law (line 47)
FAIL: inverse law (line 47)
FAIL: inverse law (line 47)
FAIL: inverse law (line 47)
FAIL: inverse law (line 47)
FAIL: inverse law (line 47)
FAIL: inverse law (line 47)
FAIL: inverse law (line 47)
FAIL: inverse law (line 47)
FAIL: inverse law (line 47)
FAIL: inverse law (line 47)
FAIL: inverse law (line 47)
FAIL: inverse law (line 47)
FAIL: inverse law (line 47)
FAIL: inverse law (line 47)
FAIL: inverse law (line 47)
FAIL: inverse law (line 47)
FAIL: inverse law (line 47)
FAIL: inverse law (line 47)
FAIL: inverse law (line 47)
FAIL: inverse law (line 47)
FAIL: inverse law (line 47)
FAIL: inverse law (line 47)
FAIL: inverse law (line 47)
FAIL: inverse law (line 47)
FAIL: inverse law (line 47)
FAIL: inverse law (line 47)
FAIL: inverse law (line 47)
FAIL: inverse law (line 47)
FAIL: inverse law (line 47)
FAIL: inverse law (line 47)
FAIL: inverse law (line 47)
FAIL: inverse law (line 47)
FAIL: inverse law (line 47)
FAIL: le-bytes roundtrip (line 64)
FAIL: from_u64 roundtrip (line 68)

2058 FAILURE(S)


96% tests passed, 1 tests failed out of 24

Total Test time (real) =  98.54 sec

The following tests FAILED:
	 24 - step24_conformance (Failed)
Errors while running CTest
