[1/58] DEC-090: enforcing float-free numeric core
[lint] DEC-090 clean: numeric core is float-free.
[2/58] Building CXX object CMakeFiles/test_step2.dir/conformance/test_step2.cpp.o
[3/58] Building CXX object CMakeFiles/test_step28.dir/conformance/test_step28.cpp.o
[4/58] Building CXX object CMakeFiles/test_step8.dir/conformance/test_step8.cpp.o
[5/58] Building CXX object CMakeFiles/test_step10.dir/conformance/test_step10.cpp.o
[6/58] Building CXX object CMakeFiles/test_step7.dir/conformance/test_step7.cpp.o
[7/58] Building CXX object CMakeFiles/test_step10b.dir/conformance/test_step10b.cpp.o
[8/58] Building CXX object CMakeFiles/test_step9.dir/conformance/test_step9.cpp.o
[9/58] Building CXX object CMakeFiles/test_step3.dir/conformance/test_step3.cpp.o
[10/58] Building CXX object CMakeFiles/test_step12.dir/conformance/test_step12.cpp.o
[11/58] Building CXX object CMakeFiles/test_step13.dir/conformance/test_step13.cpp.o
[12/58] Building CXX object CMakeFiles/test_step17.dir/conformance/test_step17.cpp.o
[13/58] Building CXX object CMakeFiles/test_step4.dir/conformance/test_step4.cpp.o
[14/58] Building CXX object CMakeFiles/diag_step5.dir/conformance/diag_step5.cpp.o
[15/58] Building CXX object CMakeFiles/diag_step6.dir/conformance/diag_step6.cpp.o
[16/58] Linking CXX executable test_step3
[17/58] Linking CXX executable test_step2
[18/58] Building CXX object CMakeFiles/test_step5.dir/conformance/test_step5.cpp.o
[19/58] Linking CXX executable test_step4
[20/58] Linking CXX executable diag_step5
[21/58] Linking CXX executable test_step5
[22/58] Linking CXX executable test_step7
[23/58] Linking CXX executable test_step8
[24/58] Linking CXX executable diag_step6
[25/58] Linking CXX executable test_step10
[26/58] Linking CXX executable test_step9
[27/58] Linking CXX executable test_step10b
[28/58] Linking CXX executable test_step12
[29/58] Linking CXX executable test_step13
[30/58] Linking CXX executable test_step15
[31/58] Linking CXX executable test_step14
[32/58] Linking CXX executable test_step16
[33/58] Building CXX object CMakeFiles/test_step6.dir/conformance/test_step6.cpp.o
[34/58] Linking CXX executable test_step17
[35/58] Linking CXX executable test_step18
[36/58] Linking CXX executable test_step19
[37/58] Linking CXX executable test_step6
[38/58] Building CXX object CMakeFiles/test_step29.dir/conformance/test_step29.cpp.o
[39/58] Linking CXX executable test_step20
[40/58] Linking CXX executable test_step21
[41/58] Linking CXX executable test_step22
[42/58] Linking CXX executable test_step23
[43/58] Linking CXX executable test_step24
[44/58] Linking CXX executable test_step25
[45/58] Linking CXX executable test_step27
[46/58] Linking CXX executable test_step26
[47/58] Linking CXX executable test_step28
[48/58] Linking CXX executable test_step29
[49/58] Building CXX object CMakeFiles/test_step30.dir/conformance/test_step30.cpp.o
[50/58] Linking CXX executable test_step30
[51/58] Building CXX object CMakeFiles/test_step31.dir/conformance/test_step31.cpp.o
[52/58] Linking CXX executable test_step31
[53/58] Building CXX object CMakeFiles/test_step32.dir/conformance/test_step32.cpp.o
[54/58] Building CXX object CMakeFiles/test_step33.dir/conformance/test_step33.cpp.o
[55/58] Linking CXX executable test_step32
[56/58] Linking CXX executable test_step33
[57/58] Building CXX object CMakeFiles/test_step34.dir/conformance/test_step34.cpp.o
[58/58] Linking CXX executable test_step34
e test_step32
[56/58] Linking CXX executable test_step33
[57/58] Building CXX object CMakeFiles/test_step34.dir/conformance/test_step34.cpp.o
[58/58] Linking CXX executable test_step34
./scripts/gate.sh: line 32: syntax error near unexpected token `|'
