[1/30] DEC-090: enforcing float-free numeric core
[lint] DEC-090 clean: numeric core is float-free.
[2/30] Linking CXX executable test_step9
[3/30] Linking CXX executable test_step8
[4/── [3/4] diagnostics ────────────────────────────
SEED: fault=0 allocs=66
LOOKUP: OK  bal=1000 nonce=0
TLEAF tag=2 (want 2)
REC   tag=3 (want 3)  
STORED  = 0x1c3cfad21077198c52c65724b158b408503a1e628d072c010f106554f4f23f9b
VERDICT: canonical-at-rest (DEC-123 held)
DIAG6:SAMPLE-DETERMINISTIC OK
DIAG6:CONTEXT-BINDING LIVE
DIAG6:QUORUM-PATH LIVE (kind=2)
DIAG6:BREAKER-DETERMINISTIC OK delay=98
DIAG6:VERDICT ALL-OK
   authentic + healthy
── [4/4] conformance suite ──────────────────────
Test project /data/data/com.termux/files/home/hsma/build
      Start  1: contract_identity
 1/34 Test  #1: contract_identity ................   Passed    0.03 sec
      Start  2: step2_conformance
 2/34 Test  #2: step2_conformance ................   Passed    0.04 sec
      Start  3: step3_conformance
 3/34 Test  #3: step3_conformance ................   Passed    0.05 sec
      Start  4: step4_conformance
 4/34 Test  #4: step4_conformance ................   Passed    0.14 sec
      Start  5: step5_conformance
 5/34 Test  #5: step5_conformance ................   Passed    0.11 sec
      Start  6: step6_conformance
 6/34 Test  #6: step6_conformance ................   Passed    0.18 sec
      Start  7: step7_conformance
 7/34 Test  #7: step7_conformance ................   Passed    0.04 sec
      Start  8: step8_conformance
 8/34 Test  #8: step8_conformance ................   Passed    0.06 sec
      Start  9: step9_conformance
 9/34 Test  #9: step9_conformance ................   Passed    0.18 sec
      Start 10: step10_conformance
10/34 Test #10: step10_conformance ...............   Passed    0.10 sec
      Start 11: step10b_conformance
11/34 Test #11: step10b_conformance ..............   Passed   18.30 sec
      Start 12: step12_conformance
::EP_DHEAD, golden::EP_PT, 0, false, 0, 1), fcirc::NROWS);
      |                                                  ^~~~~~~
/data/data/com.termux/files/home/hsma/conformance/test_step34.cpp:42:67: error: no member named 'EP_DHEAD' in namespace 'hsma::golden'
   42 |     mfold::Relaxed H  = mfold::fresh(wit(golden::EP_PREV, golden::EP_DHEAD, golden::EP_PT, 0, false, 0, 1), fcirc::NROWS);
      |                                                                   ^~~~~~~~
/data/data/com.termux/files/home/hsma/conformance/test_step34.cpp:42:85: error: no member named 'EP_PT' in namespace 'hsma::golden'
   42 |     mfold::Relaxed H  = mfold::fresh(wit(golden::EP_PREV, golden::EP_DHEAD, golden::EP_PT, 0, false, 0, 1), fcirc::NROWS);
      |                                                                                     ^~~~~
/data/data/com.termux/files/home/hsma/conformance/test_step34.cpp:43:50: error: no member named 'EP_DHEAD' in namespace 'hsma::golden'
   43 |     mfold::Relaxed X  = mfold::fresh(wit(golden::EP_DHEAD, golden::EP_DEXEC, golden::EP_PT, 1, false, 7, 8), fcirc::NROWS);
      |                                                  ^~~~~~~~
/data/data/com.termux/files/home/hsma/conformance/test_step34.cpp:43:68: error: no member named 'EP_DEXEC' in namespace 'hsma::golden'
   43 |     mfold::Relaxed X  = mfold::fresh(wit(golden::EP_DHEAD, golden::EP_DEXEC, golden::EP_PT, 1, false, 7, 8), fcirc::NROWS);
      |                                                                    ^~~~~~~~
/data/data/com.termux/files/home/hsma/conformance/test_step34.cpp:43:86: error: no member named 'EP_PT' in namespace 'hsma::golden'
   43 |     mfold::Relaxed X  = mfold::fresh(wit(golden::EP_DHEAD, golden::EP_DEXEC, golden::EP_PT, 1, false, 7, 8), fcirc::NROWS);
      |                                                                                      ^~~~~
/data/data/com.termux/files/home/hsma/conformance/test_step34.cpp:49:39: error: no member named 'EP_SEED1' in namespace 'hsma::golden'
   49 |     CHECK(eq4(can(M1.seed).l, golden::EP_SEED1), "FS seed1 parity");
      |                                       ^~~~~~~~
/data/data/com.termux/files/home/hsma/conformance/test_step34.cpp:50:39: error: no member named 'EP_R1' in namespace 'hsma::golden'
   50 |     CHECK(eq4(can(M1.r[0]).l, golden::EP_R1[0]), "r1 parity");
      |                                       ^~~~~
/data/data/com.termux/files/home/hsma/conformance/test_step34.cpp:55:54: error: no member named 'EP_DEXEC' in namespace 'hsma::golden'
   55 |         mfold::Relaxed Cl = mfold::fresh(wit(golden::EP_DEXEC, golden::EP_DEXEC, zero, 2, true, 7, 8), fcirc::NROWS);
      |                                                      ^~~~~~~~
/data/data/com.termux/files/home/hsma/conformance/test_step34.cpp:55:72: error: no member named 'EP_DEXEC' in namespace 'hsma::golden'
   55 |         mfold::Relaxed Cl = mfold::fresh(wit(golden::EP_DEXEC, golden::EP_DEXEC, zero, 2, true, 7, 8), fcirc::NROWS);
      |                                                                        ^~~~~~~~
/data/data/com.termux/files/home/hsma/conformance/test_step34.cpp:58:43: error: no member named 'EP_SEED2' in namespace 'hsma::golden'
   58 |         CHECK(eq4(can(M2.seed).l, golden::EP_SEED2), "FS seed2 parity");
      |                                           ^~~~~~~~
/data/data/com.termux/files/home/hsma/conformance/test_step34.cpp:61:45: error: no member named 'EP_F2_Z' in namespace 'hsma::golden'
   61 |         CHECK(M2.folded.z.size() == golden::EP_F2_Z.size(), "F2 z count");
      |                                             ^~~~~~~
/data/data/com.termux/files/home/hsma/conformance/test_step34.cpp:62:42: error: no member named 'EP_F2_Z' in namespace 'hsma::golden'
   62 |         for (unsigned i = 0; i < golden::EP_F2_Z.size(); ++i)
      |                                          ^~~~~~~
/data/data/com.termux/files/home/hsma/conformance/test_step34.cpp:63:54: error: no member named 'EP_F2_Z' in namespace 'hsma::golden'
   63 |             CHECK(eq4(can(M2.folded.z[i]).l, golden::EP_F2_Z[i]), "F2 z parity");
      |                                                      ^~~~~~~
/data/data/com.termux/files/home/hsma/conformance/test_step34.cpp:64:47: error: no member named 'EP_F2_U' in namespace 'hsma::golden'
   64 |         CHECK(eq4(can(M2.folded.u).l, golden::EP_F2_U), "F2 u parity");
      |                                               ^~~~~~~
/data/data/com.termux/files/home/hsma/conformance/test_step34.cpp:65:42: error: no member named 'EP_F2_E' in namespace 'hsma::golden'
   65 |         for (unsigned i = 0; i < golden::EP_F2_E.size(); ++i)
      |                                          ^~~~~~~
/data/data/com.termux/files/home/hsma/conformance/test_step34.cpp:66:54: error: no member named 'EP_F2_E' in namespace 'hsma::golden'
   66 |             CHECK(eq4(can(M2.folded.E[i]).l, golden::EP_F2_E[i]), "F2 E parity");
      |                                                      ^~~~~~~
17 errors generated.
ninja: build stopped: subcommand failed.
