[1/1] Cleaning all built files...
Cleaning... 61 files.
[1/56] DEC-090: enforcing float-free numeric core
[lint] DEC-090 clean: numeric core is float-free.
[2/56] Building CXX object CM   all 32 generated headers present (each named + counted)
── [3/4] diagnostics ────────────────────────────
SEED: fault=0 allocs=66
LOOKUP: OK  bal=1000 nonce=0
TLEAF tag=2 (want 2)
REC   tag=3 (want 3)  
STORED  = 0x1c3cfad21077198c52c65724b158b408503a1e628d072c010f106554f4f23f9b
VERDICT: canonical-at-rest (DEC-123 held)
DIAG6:SAMPLE-DETERMINISTIC OK
DIAG6:CONTEXT-BINDING LIVE
DIAG6:QUORUM-PATH LIVE (kind=2)
DIAG6:BREAKER-DETERMINISTIC OK delay=98
DIAG6:VERDICT ALL-OK
   authentic + healthy
── [4/4] conformance suite ──────────────────────
Test project /data/data/com.termux/files/home/hsma/build
      Start  1: contract_identity
 1/25 Test  #1: contract_identity ................   Passed    0.03 sec
      Start  2: step2_conformance
 2/25 Test  #2: step2_conformance ................   Passed    0.05 sec
      Start  3: step3_conformance
 3/25 Test  #3: step3_conformance ................   Passed    0.06 sec
      Start  4: step4_conformance
 4/25 Test  #4: step4_conformance ................   Passed    0.14 sec
      Start  5: step5_conformance
 5/25 Test  #5: step5_conformance ................   Passed    0.15 sec
      Start  6: step6_conformance
 6/25 Test  #6: step6_conformance ................   Passed    0.17 sec
      Start  7: step7_conformance
 7/25 Test  #7: step7_conformance ................   Passed    0.04 sec
      Start  8: step8_conformance
 8/25 Test  #8: step8_conformance ................   Passed    0.08 sec
      Start  9: step9_conformance
 9/25 Test  #9: step9_conformance ................   Passed    0.21 sec
      Start 10: step10_conformance
10/25 Test #10: step10_conformance ...............   Passed    0.08 sec
      Start 11: step10b_conformance
11/25 Test #11: step10b_conformance ..............   Passed   14.60 sec
      Start 12: step12_conformance
12/25 Test #12: step12_conformance ...............   Passed   47.95 sec
      Start 13: step13_conformance
13/25 Test #13: step13_conformance ...............   Passed    7.43 sec
      Start 14: step14_conformance
14/25 Test #14: step14_conformance ...............   Passed    0.36 sec
      Start 15: step15_conformance
15/25 Test #15: step15_conformance ...............   Passed    0.17 sec
      Start 16: step16_conformance
16/25 Test #16: step16_conformance ...............   Passed    0.56 sec
      Start 17: step17_conformance
17/25 Test #17: step17_conformance ...............   Passed    0.17 sec
      Start 18: step18_conformance
18/25 Test #18: step18_conformance ...............   Passed    0.30 sec
      Start 19: step19_conformance
19/25 Test #19: step19_conformance ...............   Passed    0.07 sec
      Start 20: step20_conformance
20/25 Test #20: step20_conformance ...............   Passed    0.08 sec
      Start 21: step21_conformance
21/25 Test #21: step21_conformance ...............   Passed    0.05 sec
      Start 22: step22_conformance
22/25 Test #22: step22_conformance ...............   Passed    5.84 sec
      Start 23: step23_conformance
23/25 Test #23: step23_conformance ...............   Passed   23.31 sec
      Start 24: step24_conformance
24/25 Test #24: step24_conformance ...............   Passed    0.07 sec
      Start 25: step25_conformance
25/25 Test #25: step25_conformance ...............   Passed    0.04 sec

100% tests passed out of 25

Total Test time (real) = 102.09 sec
═══════════ GATE GREEN ═══════════
step10][emit] g2_curve_golden.hpp (32 fq2 pairs, 4+4+4 E' triples)
[t10b] tower: gamma=(5,1), delta=v (w²=v, w⁶=γ)
[t10b] w⁶ = γ verified
[t10b] twist map: ψ(Q) on E verified
[t10b] non-degenerate: e(G1, G2) != 1
[t10b] bilinearity verified: e([2]P,[3]Q) == e(P,Q)⁶
[t10b] BLS LAW VERIFIED: e([S]H, G2gen) == e(H, [S]G2gen)  (secret-free)
[t10b] tampered sigma rejected (soundness)
[t10b] threshold t-of-n aggregate VERIFIED (partials + Lagrange -> e == e)
[t10b] generating pairing goldens...
[t10b] miller goldens x8 OK
[t10b] pairing goldens x4 OK
[t10b] BLS cases x4 (3 pass + 1 tamper) OK
[step10b][emit] pairing_golden.hpp (miller x8, pairings x4, BLS x4, threshold x1, e_1)
[emit] ./build/generated/consensus_golden.hpp  (C1 fin@150, C2 sus@50, winner=H, delay=376)
[step11] sim_beacon RETIRED from the golden path (DEC-200):
[step11] consensus_golden.hpp re-emitted with HSM_BEACON_V1 over the G7 committee
[t12] envelopes x4 encrypted (G2-plane KEM + Phase-0 DEM)
[t12] ordering lock: beacon-shuffled order=[0, 3, 2, 1] (REAL beacon, Step 11 chain)
[t12] shares x12 pairing identities + attestations x12 verified (oracle)
[t12] aggregate + decrypt roundtrip x4 OK (k matches, tag matches, payload recovered)
[t12] malformed share REJECTED by pairing identity (item 6)
[t12] wrong-order_root attestation REJECTED (order-bound)
[t12] tampered ciphertext REJECTED by DEM tag
[step12][emit] m2_golden.hpp (envelopes x4, order, shares x12, attestations x12, keys)
[t13] sigma_user x4 signed + pairing-verified (DEC-204)
[t13] forged sigma_user REJECTED (item 5 closed)
[t13] partials x2 subsets -> identical aggregate == [S]H (DEC-205)
[t13] beacon-from-partials == harness chain (cross-checked)
[t13] 2-of-5 partials REJECTED (t-threshold enforced)
[t13] cross-epoch replay REJECTED (item 4 explicit)
[step13][emit] m2prod_golden.hpp (user keys x4, sigma_user x4, partials x2 subsets, aggregates)
[t14] honest epoch folded: 5 entries (4 EXEC + 1 SKIP) + 1 PAD; final states verified
[t14] padding-neutrality: sans-PAD final digest IDENTICAL
[t14] chain dependency: different prev_digest -> different final
[t14] negatives: binding / nonce / insolvent-EXEC all REJECTED
[step14][emit] fold_golden.hpp (accounts, 6 entries, verdicts, digest chain, finals)
[t15] honest epoch: 24 constraints fired, ALL SATISFIED (binding+nonce+lt+debit+credit+skip_burn+pad)
[t15] adversarial binding: constraint 'binding' VIOLATED
[t15] adversarial nonce: constraint 'nonce' VIOLATED
[t15] adversarial lt_gate: constraint 'lt_gate' VIOLATED
[t15] adversarial lt_gate_exec: constraint 'lt_gate' VIOLATED
[t15] 4 adversarial traces: each VIOLATES exactly the named constraint
[t15] PC matrix: 4 valid transitions, 5 unsatisfiable (SAT-proof)
[step15][emit] ccs_golden.hpp (constraint counts, PC matrix proof)
[t16] succinctness: accumulator size = 41 bytes, CONSTANT across 7 entries
[t16] cross-epoch chain: epoch 1 -> epoch 2 (prev=32 bytes, both 41)
[t16] NIVC selector: 4 valid / 5 invalid transitions
[t16] 20-entry epoch: accumulator size STILL 41 bytes (O(1) in entry count)
[step16][emit] nivc_golden.hpp (acc size, epoch digests, counts)
[t17] phi2 ordering: order=[1, 2, 0, 3], order_root computed (real beacon)
[t17] phi5-7 fold: 5 entries processed, accumulator sealed (41B)
[t17] epoch chain: epoch 1 -> epoch 2 (cross-epoch via final digest)
[t17] succinctness: accumulator 41B through the FULL pipeline (M2 + fold)
[step17][emit] epoch_golden.hpp (order, order_root, epoch chain)
[t18] sampler deterministic: 2000 draws x2 runs IDENTICAL
[t18] weight-proportional: heavy=1623 light=377 (ratio 4.31, expected 4.00)
[t18] taxonomy: caps enforced P0=4KB P1=2KB P2=64KB P3=128KB; P3 pull-only; P3 cap == MAX_PROOF_BYTES
[t18] contact: AccountID=pk-bound; rebind blocked same-epoch, allowed E+1; transport-ID rotation keeps AccountID
[t18] EMA: 24h half-life = 499992/1e6 (want 500000); 48h recovery to core (874984); impulse bound 25000/h; thresholds classified
[step18][emit] g1_golden.hpp (sampler inputs, seeds x4, first-10 draws, 2000-draw histogram, taxonomy, account IDs x4, EMA trace)
[t19] sc1 (d=1, nv=4): 4 rounds ACCEPT; dual-path final == claim
[t19] sc2 (d=2, nv=4): 4 rounds ACCEPT; dual-path product == claim
[t19] sc3 (d=2, nv=3): 3 rounds ACCEPT; dual-path product == claim
[t19] negatives: claim-tamper REJECTED @0; eval-tamper REJECTED @1; final-tamper REJECTED @final
[step19][emit] sumcheck_golden.hpp (3 transcripts, arrays, INV2, dual-path pins)
[t20] commit parity: C == sponge(evals) x3; binding (A vs A+B, single-elem tamper); determinism
[t20] points: r_i = P3(SC, C, i) x11 total; derivation deterministic
[t20] open d=1 nv=4: ACCEPT; v == f(r) dual-path pinned
[t20] open d=2 nv=4 + d=2 nv=3: ACCEPT; v == f(r)*h(r) dual-path pinned
[t20] negatives: v-tamper REJECTED @final; eval-tamper REJECTED @1; claim-tamper REJECTED @0
[step20][emit] pcs_golden.hpp (3 instances, commits, points, openings, INV2, dual-path pins)
[t21] instances: 3 strict constructed (z_i in {0, C/(AB)}), all satisfy u=1 E=0
[t21] fold1 (strict+strict): r pinned, E=rT, satisfies EXACTLY
[t21] fold2 (relaxed+strict): chain depth 2, satisfies EXACTLY; u accumulates
[t21] determinism: re-fold -> r/z/E byte-identical
[t21] negatives: tampered-T REJECTED @elem 3; tampered-r still satisfying (validity is r-polynomial - binding lives in the pinned transcript golden)
[step21][emit] nifs_golden.hpp (3 instances, 2 chained folds, r/u/z/E/T pins, commitments)
[t22] headers x2: heights 100/101, fold-chained digests, REAL beacon chain (53-B preimages)
[t22] certs x2: G7 threshold sigma over HSM_CERT_v1 preimages (123 B) — one committee, five pillars
[t22] light-client verify x2 ACCEPT: e(sigma, G2gen) == e(H(pre), Y) — ONE pairing per header
[t22] chain continuity: digest_E1 == F_head(digest_E0, decree_E1) — verified
[t22] negatives: tampered-height / chain-break / stale-beacon / genesis-sync-all REJECTED
[step22][emit] cert_golden.hpp (headers, sigmas 96-B, H pins, Y, G2gen, chain)
[t23] phi0-1: real beacon x2; envelopes x3 (shared-secret KDF, DEM, tags); sigma_user x3 law-verified
[t23] phi2: ordering lock under the REAL beacon: order=[0, 1, 2]
[t23] phi3-4: shares x9 + identities, attestations x9, aggregates x3, k2==k x3, payloads recovered x3
[t23] phi5-6: fold over the shuffled order: 3 entries (SKIP 25%-burn live), chain x3, close -> 41B
[t23] phi7: cert over (height=7, sroot, chain link, beacon) - ONE pairing
[t23] seam negatives: tampered-R / tampered-oroot / tampered-height all REJECTED
[step23][emit] e2e_golden.hpp (one epoch, phi0-phi7, every seam pinned)
[step24][emit] vesta_field_golden.hpp (516 cases over F_q Vesta)
[step25] q_vesta bits: 255
[step25] MDS Cauchy 3x3: all minors nonsingular ✓
[step25] 80 round constants derived (DRBG + rejection)
[step25] IVs derived for 4 Vesta-domain tags
[step25][emit] vesta_poseidon_params_gen.hpp (MDS 3x3, RC x80, IVs x4)
[gen-new] all chunks executed in one shared namespace
[19/56] Building CXX object CMakeFiles/test_step18.dir/conformance/test_step18.cpp.o
[20/56] Building CXX object CMakeFiles/test_step21.dir/conformance/test_step21.cpp.o
[21/56] Building CXX object CMakeFiles/test_step19.dir/conformance/test_step19.cpp.o
[22/56] Building CXX object CMakeFiles/test_step20.dir/conformance/test_step20.cpp.o
[23/56] Building CXX object CMakeFiles/test_step22.dir/conformance/test_step22.cpp.o
[24/56] Building CXX object CMakeFiles/test_step24.dir/conformance/test_step24.cpp.o
[25/56] Building CXX object CMakeFiles/test_step15.dir/conformance/test_step15.cpp.o
[26/56] Building CXX object CMakeFiles/test_step16.dir/conformance/test_step16.cpp.o
[27/56] Building CXX object CMakeFiles/test_step14.dir/conformance/test_step14.cpp.o
[28/56] Building CXX object CMakeFiles/test_step25.dir/conformance/test_step25.cpp.o
[29/56] Linking CXX executable test_step14
[30/56] Linking CXX executable test_step15
[31/56] Linking CXX executable test_step16
[32/56] Building CXX object CMakeFiles/test_step2.dir/conformance/test_step2.cpp.o
[33/56] Linking CXX executable test_step18
[34/56] Building CXX object CMakeFiles/test_step17.dir/conformance/test_step17.cpp.o
[35/56] Linking CXX executable test_step2
[36/56] Linking CXX executable test_step19
[37/56] Linking CXX executable test_step17
[38/56] Building CXX object CMakeFiles/test_step3.dir/conformance/test_step3.cpp.o
[39/56] Linking CXX executable test_step20
[40/56] Linking CXX executable test_step21
[41/56] Linking CXX executable test_step22
[42/56] Linking CXX executable test_step3
[43/56] Linking CXX executable test_step25
[44/56] Linking CXX executable test_step24
[45/56] Building CXX object CMakeFiles/test_step23.dir/conformance/test_step23.cpp.o
[46/56] Linking CXX executable test_step23
[47/56] Building CXX object CMakeFiles/test_step4.dir/conformance/test_step4.cpp.o
[48/56] Linking CXX executable test_step4
[49/56] Building CXX object CMakeFiles/diag_step5.dir/conformance/diag_step5.cpp.o
[50/56] Building CXX object CMakeFiles/diag_step6.dir/conformance/diag_step6.cpp.o
[51/56] Linking CXX executable diag_step5
[52/56] Building CXX object CMakeFiles/test_step6.dir/conformance/test_step6.cpp.o
[53/56] Linking CXX executable diag_step6
[54/56] Linking CXX executable test_step6
[55/56] Building CXX object CMakeFiles/test_step5.dir/conformance/test_step5.cpp.o
[56/56] Linking CXX executable test_step5
